
> markdown-docs-viewer@0.1.0 test
> vitest run --coverage --run --reporter=verbose


 RUN  v1.6.0 /Users/austinorphan/Library/Mobile Documents/com~apple~CloudDocs/src/markdown-docs-viewer
      Coverage enabled with v8

 ✓ tests/performance.test.ts > Performance Optimizations > LRUCache > should store and retrieve values
 ✓ tests/performance.test.ts > Performance Optimizations > LRUCache > should return undefined for non-existent keys
 ✓ tests/performance.test.ts > Performance Optimizations > LRUCache > should respect capacity limits
 ✓ tests/performance.test.ts > Performance Optimizations > LRUCache > should update LRU order on access
 ✓ tests/performance.test.ts > Performance Optimizations > LRUCache > should provide cache statistics
 ✓ tests/performance.test.ts > Performance Optimizations > LRUCache > should clear all entries
 ✓ tests/performance.test.ts > Performance Optimizations > LRUCache > should delete specific entries
 ✓ tests/performance.test.ts > Performance Optimizations > LRUCache > should estimate memory usage
 ✓ tests/performance.test.ts > Performance Optimizations > PersistentCache > should function as LRU cache when localStorage is available
 ✓ tests/performance.test.ts > Performance Optimizations > PersistentCache > should attempt to save to localStorage
 ✓ tests/performance.test.ts > Performance Optimizations > PersistentCache > should attempt to clear localStorage on clear
 ✓ tests/performance.test.ts > Performance Optimizations > PersistentCache > should handle localStorage errors gracefully
 ✓ tests/performance.test.ts > Performance Optimizations > SearchIndex > should index documents and enable search
 ✓ tests/performance.test.ts > Performance Optimizations > SearchIndex > should search in titles with high priority
 ✓ tests/performance.test.ts > Performance Optimizations > SearchIndex > should search in tags when enabled
 ✓ tests/performance.test.ts > Performance Optimizations > SearchIndex > should respect case sensitivity option
 ✓ tests/performance.test.ts > Performance Optimizations > SearchIndex > should limit search results
 ✓ tests/performance.test.ts > Performance Optimizations > SearchIndex > should perform fuzzy search when enabled
 ✓ tests/performance.test.ts > Performance Optimizations > SearchIndex > should cache search results
 ✓ tests/performance.test.ts > Performance Optimizations > SearchIndex > should filter out stop words
 ✓ tests/performance.test.ts > Performance Optimizations > SearchIndex > should handle empty search queries
stderr | tests/loader.test.ts > DocumentLoader > loadAll > should handle errors and return empty array
[INVALID_SOURCE] No documents are configured to load.
MarkdownDocsViewer Warning: Failed to load documents, returning empty array undefined

stderr | tests/loader.test.ts > DocumentLoader > loadAll > should validate source configuration
[INVALID_SOURCE] No documents are configured to load.
MarkdownDocsViewer Warning: Failed to load documents, returning empty array undefined

stderr | tests/loader.test.ts > DocumentLoader > loadDocument > should handle document without content or file
[DOCUMENT_NOT_FOUND] The requested document could not be found.
MarkdownDocsViewer Warning: Failed to load document, returning empty content { documentId: 'doc1' }

stderr | tests/loader.test.ts > DocumentLoader > loadFromSource > should throw error for content source trying to load from path
[DOCUMENT_LOAD_FAILED] Internal error: Content source attempted to load from file path.
MarkdownDocsViewer Warning: Failed to load document, returning empty content { documentId: 'doc1' }

stderr | tests/loader.test.ts > DocumentLoader > loadFromSource > should throw error for unknown source type
[INVALID_SOURCE] Unsupported document source type.
MarkdownDocsViewer Warning: Failed to load document, returning empty content { documentId: 'doc1' }

stderr | tests/loader.test.ts > DocumentLoader > loadLocal > should handle 404 error
[DOCUMENT_NOT_FOUND] The requested document could not be found.
MarkdownDocsViewer Warning: Failed to load document, returning empty content { documentId: 'doc1' }

 ✓ tests/performance.test.ts > Performance Optimizations > Debounce > should delay function execution
 ✓ tests/loader.test.ts > DocumentLoader > Constructor > should initialize with default configuration
 ✓ tests/loader.test.ts > DocumentLoader > Constructor > should initialize with custom cache size
 ✓ tests/loader.test.ts > DocumentLoader > Constructor > should initialize with custom logger
 ✓ tests/loader.test.ts > DocumentLoader > loadAll > should return all documents
 ✓ tests/loader.test.ts > DocumentLoader > loadAll > should handle errors and return empty array
 ✓ tests/loader.test.ts > DocumentLoader > loadAll > should validate source configuration
 ✓ tests/loader.test.ts > DocumentLoader > loadDocument > should load document with content
 ✓ tests/loader.test.ts > DocumentLoader > loadDocument > should load document from cache if available
 ✓ tests/loader.test.ts > DocumentLoader > loadDocument > should handle loading promise deduplication
 ✓ tests/loader.test.ts > DocumentLoader > loadDocument > should handle document without content or file
 ✓ tests/loader.test.ts > DocumentLoader > loadDocument > should check memory usage after loading
 ✓ tests/loader.test.ts > DocumentLoader > loadFromSource > should dispatch to correct loader based on source type
 ✓ tests/loader.test.ts > DocumentLoader > loadFromSource > should throw error for content source trying to load from path
 ✓ tests/loader.test.ts > DocumentLoader > loadFromSource > should throw error for unknown source type
 ✓ tests/loader.test.ts > DocumentLoader > loadLocal > should load local file successfully
 ✓ tests/loader.test.ts > DocumentLoader > loadLocal > should handle 404 error
 ✓ tests/search.test.ts > createSearch > should create search HTML with default placeholder
 ✓ tests/search.test.ts > createSearch > should create search HTML with custom placeholder
 ✓ tests/search.test.ts > SearchManager > Constructor > should initialize with default options
 ✓ tests/search.test.ts > SearchManager > Constructor > should initialize with custom options
 ✓ tests/search.test.ts > SearchManager > Constructor > should create debounced search function
 ✓ tests/search.test.ts > SearchManager > updateIndex > should update search index with documents and content
 ✓ tests/search.test.ts > SearchManager > attachToDOM > should attach event listeners to search input
 ✓ tests/search.test.ts > SearchManager > attachToDOM > should hide search results initially
 ✓ tests/search.test.ts > SearchManager > attachToDOM > should handle missing search container
 ✓ tests/performance.test.ts > Performance Optimizations > Debounce > should cancel previous calls
 ✓ tests/search.test.ts > SearchManager > Search input handling > should trigger search on input after 2 characters
stderr | tests/advanced-features.test.ts > I18nManager > should handle missing translations
Missing translation for key: missing.key

stderr | tests/advanced-features.test.ts > TableOfContents > should generate TOC from markdown
`marked.lexer` failed, falling back to manual heading parsing.

stderr | tests/advanced-features.test.ts > TableOfContents > should generate unique IDs
`marked.lexer` failed, falling back to manual heading parsing.

stderr | tests/advanced-features.test.ts > TableOfContents > should render TOC HTML
`marked.lexer` failed, falling back to manual heading parsing.

 ✓ tests/performance.test.ts > Performance Optimizations > Throttle > should limit function calls
 ✓ tests/performance.test.ts > Performance Optimizations > LazyLoader > should observe elements for intersection
 ✓ tests/performance.test.ts > Performance Optimizations > LazyLoader > should execute callback when element intersects
 ✓ tests/performance.test.ts > Performance Optimizations > LazyLoader > should not observe already loaded elements
 ✓ tests/performance.test.ts > Performance Optimizations > LazyLoader > should unobserve elements
 ✓ tests/performance.test.ts > Performance Optimizations > LazyLoader > should cleanup all observers
 ✓ tests/performance.test.ts > Performance Optimizations > MemoryManager > should be a singleton
 ✓ tests/performance.test.ts > Performance Optimizations > MemoryManager > should add and execute cleanup tasks
 ✓ tests/performance.test.ts > Performance Optimizations > MemoryManager > should remove cleanup tasks
 ✓ tests/performance.test.ts > Performance Optimizations > MemoryManager > should handle cleanup task errors gracefully
 ✓ tests/performance.test.ts > Performance Optimizations > MemoryManager > should check memory usage when performance.memory is available
 ✓ tests/performance.test.ts > Performance Optimizations > MemoryManager > should return memory stats when available
 ✓ tests/performance.test.ts > Performance Optimizations > PerformanceMonitor > should measure timing metrics
 ✓ tests/performance.test.ts > Performance Optimizations > PerformanceMonitor > should record multiple measurements
 ✓ tests/performance.test.ts > Performance Optimizations > PerformanceMonitor > should limit stored measurements
 ✓ tests/performance.test.ts > Performance Optimizations > PerformanceMonitor > should return all metrics
 ✓ tests/performance.test.ts > Performance Optimizations > PerformanceMonitor > should clear all metrics
 ✓ tests/performance.test.ts > Performance Optimizations > PerformanceMonitor > should handle non-existent metrics gracefully
 ✓ tests/performance.test.ts > Performance Optimizations > PerformanceMonitor > should cleanup observers
 ✓ tests/search.test.ts > SearchManager > Search input handling > should not trigger search for single character
 ✓ tests/search.test.ts > SearchManager > Search input handling > should hide results when input is cleared
stderr | tests/theme-manager.test.ts > ThemeManager > Constructor > should fall back to default theme if saved theme not found
Could not resolve saved theme "nonexistent", falling back to default

 ✓ tests/theme-manager.test.ts > ThemeManager > Constructor > should initialize with default options
 ✓ tests/theme-manager.test.ts > ThemeManager > Constructor > should initialize with custom options
 ✓ tests/theme-manager.test.ts > ThemeManager > Constructor > should load saved theme from localStorage
 ✓ tests/theme-manager.test.ts > ThemeManager > Constructor > should fall back to default theme if saved theme not found
 ✓ tests/theme-manager.test.ts > ThemeManager > Constructor > should use custom storage key
 ✓ tests/theme-manager.test.ts > ThemeManager > Built-in themes > should have all expected built-in themes
 ✓ tests/theme-manager.test.ts > ThemeManager > Built-in themes > should have proper theme structure for all built-in themes
 ✓ tests/theme-manager.test.ts > ThemeManager > registerTheme > should register a custom theme
 ✓ tests/theme-manager.test.ts > ThemeManager > registerTheme > should allow overriding existing themes
 ✓ tests/theme-manager.test.ts > ThemeManager > setTheme > should set theme and return the theme object
 ✓ tests/theme-manager.test.ts > ThemeManager > setTheme > should return null for non-existent theme
 ✓ tests/theme-manager.test.ts > ThemeManager > setTheme > should save theme to localStorage when persistence enabled
 ✓ tests/theme-manager.test.ts > ThemeManager > setTheme > should not save theme when persistence disabled
 ✓ tests/theme-manager.test.ts > ThemeManager > setTheme > should call onThemeChange callback
 ✓ tests/theme-manager.test.ts > ThemeManager > setTheme > should apply CSS variables
 ✓ tests/theme-manager.test.ts > ThemeManager > setTheme > should handle localStorage errors gracefully
 ✓ tests/theme-manager.test.ts > ThemeManager > getCurrentTheme > should return current theme
 ✓ tests/theme-manager.test.ts > ThemeManager > getAvailableThemes > should return all registered themes
 ✓ tests/theme-manager.test.ts > ThemeManager > getAvailableThemes > should include custom themes
 ✓ tests/theme-manager.test.ts > ThemeManager > getTheme > should return theme by name
 ✓ tests/theme-manager.test.ts > ThemeManager > getTheme > should return undefined for non-existent theme
 ✓ tests/theme-manager.test.ts > ThemeManager > createCustomTheme > should create custom theme based on current theme
 ✓ tests/theme-manager.test.ts > ThemeManager > createCustomTheme > should merge all properties correctly
 ✓ tests/theme-manager.test.ts > ThemeManager > createCustomTheme > should register the custom theme
 ✓ tests/theme-manager.test.ts > ThemeManager > applyCSSVariables > should apply all color variables
 ✓ tests/theme-manager.test.ts > ThemeManager > applyCSSVariables > should apply RGB versions of colors
 ✓ tests/theme-manager.test.ts > ThemeManager > applyCSSVariables > should apply font variables
 ✓ tests/theme-manager.test.ts > ThemeManager > applyCSSVariables > should apply spacing variables
 ✓ tests/theme-manager.test.ts > ThemeManager > applyCSSVariables > should apply border radius
 ✓ tests/theme-manager.test.ts > ThemeManager > applyCSSVariables > should set theme data attribute
 ✓ tests/theme-manager.test.ts > ThemeManager > Color utility methods > getContrastRatio > should calculate contrast ratio correctly
 ✓ tests/theme-manager.test.ts > ThemeManager > Color utility methods > getContrastRatio > should handle same colors
 ✓ tests/theme-manager.test.ts > ThemeManager > Color utility methods > getContrastRatio > should be symmetric
 ✓ tests/theme-manager.test.ts > ThemeManager > Color utility methods > isAccessible > should return true for high contrast combinations (AA)
 ✓ tests/theme-manager.test.ts > ThemeManager > Color utility methods > isAccessible > should return false for low contrast combinations (AA)
 ✓ tests/theme-manager.test.ts > ThemeManager > Color utility methods > isAccessible > should use AA standard by default
 ✓ tests/theme-manager.test.ts > ThemeManager > Color utility methods > isAccessible > should apply AAA standard correctly
 ✓ tests/theme-manager.test.ts > ThemeManager > Theme import/export > exportTheme > should export theme as JSON string
 ✓ tests/theme-manager.test.ts > ThemeManager > Theme import/export > exportTheme > should format JSON nicely
 ✓ tests/theme-manager.test.ts > ThemeManager > Theme import/export > importTheme > should import valid theme JSON
 ✓ tests/theme-manager.test.ts > ThemeManager > Theme import/export > importTheme > should return null for invalid JSON
 ✓ tests/theme-manager.test.ts > ThemeManager > Theme import/export > importTheme > should validate theme structure
 ✓ tests/theme-manager.test.ts > ThemeManager > Theme import/export > importTheme > should validate required colors
 ✓ tests/theme-manager.test.ts > ThemeManager > Persistence edge cases > should handle missing localStorage gracefully
 ✓ tests/theme-manager.test.ts > ThemeManager > Persistence edge cases > should handle localStorage getItem errors
 ✓ tests/theme-manager.test.ts > ThemeManager > Utility methods > should convert camelCase to kebab-case
 ✓ tests/theme-manager.test.ts > ThemeManager > Utility methods > should handle hex to RGB conversion
 ✓ tests/advanced-features.test.ts > Export Utility Functions > should escape HTML special characters in export content
 ✓ tests/advanced-features.test.ts > Export Utility Functions > should sanitize malicious HTML content
 ✓ tests/advanced-features.test.ts > Export Utility Functions > should handle various URL protocols in content
 ✓ tests/advanced-features.test.ts > Export Utility Functions > should handle non-string inputs gracefully
 ✓ tests/advanced-features.test.ts > ExportManager > should create export manager
 ✓ tests/advanced-features.test.ts > ExportManager > should export HTML
 ✓ tests/advanced-features.test.ts > ExportManager > should handle invalid export format
 ✓ tests/advanced-features.test.ts > ExportManager > should export HTML without theme
 ✓ tests/advanced-features.test.ts > ExportManager > should export HTML with specific document IDs
 ✓ tests/advanced-features.test.ts > ExportManager > should export HTML with asset embedding
 ✓ tests/advanced-features.test.ts > ExportManager > should handle documents with descriptions and tags
 ✓ tests/advanced-features.test.ts > ExportManager > should handle documents without descriptions or tags
 ✓ tests/advanced-features.test.ts > ExportManager > should handle PDF export without html2pdf dependency
 ✓ tests/advanced-features.test.ts > ExportManager > should check PDF export availability
 ✓ tests/advanced-features.test.ts > ExportManager > should handle empty document list
 ✓ tests/advanced-features.test.ts > ExportManager > should handle custom export options
 ✓ tests/advanced-features.test.ts > I18nManager > should translate messages
 ✓ tests/advanced-features.test.ts > I18nManager > should handle missing translations
 ✓ tests/advanced-features.test.ts > I18nManager > should interpolate parameters
 ✓ tests/advanced-features.test.ts > I18nManager > should switch locales
 ✓ tests/advanced-features.test.ts > I18nManager > should list available locales
 ✓ tests/advanced-features.test.ts > TableOfContents > should generate TOC from markdown
 ✓ tests/advanced-features.test.ts > TableOfContents > should generate unique IDs
 ✓ tests/advanced-features.test.ts > TableOfContents > should render TOC HTML
 ✓ tests/advanced-features.test.ts > AdvancedSearchManager > should search documents
 ✓ tests/advanced-features.test.ts > AdvancedSearchManager > should apply category filters
 ✓ tests/advanced-features.test.ts > AdvancedSearchManager > should apply tag filters
 ✓ tests/advanced-features.test.ts > AdvancedSearchManager > should generate highlights
 ✓ tests/advanced-features.test.ts > AdvancedSearchManager > should get search suggestions
 ✓ tests/advanced-features.test.ts > addHeadingIds > should add IDs to headings
 ✓ tests/advanced-features.test.ts > addHeadingIds > should handle duplicate headings
 ✓ tests/advanced-features.test.ts > generatePrintStyles > should generate print CSS
 ✓ tests/search.test.ts > SearchManager > Search input handling > should trim whitespace from query
 ✓ tests/search.test.ts > SearchManager > Keyboard navigation > should navigate down through results
 ✓ tests/search.test.ts > SearchManager > Keyboard navigation > should navigate up through results
 ✓ tests/search.test.ts > SearchManager > Keyboard navigation > should wrap around when navigating
 ✓ tests/search.test.ts > SearchManager > Keyboard navigation > should select result on Enter key
 ✓ tests/search.test.ts > SearchManager > Keyboard navigation > should hide results on Escape key
 ✓ tests/search.test.ts > SearchManager > Search results rendering > should render search results
stderr | tests/viewer.test.ts > MarkdownDocsViewer > Constructor > should create a viewer instance with valid config
MarkdownDocsViewer Warning: Optional dependency missing: highlight.js.highlightElement - Auto-highlighting will be disabled undefined

stderr | tests/viewer.test.ts > MarkdownDocsViewer > Constructor > should throw error when container not found
MarkdownDocsViewer Warning: Optional dependency missing: highlight.js.highlightElement - Auto-highlighting will be disabled undefined
[INVALID_CONFIG] Unable to find the container element. Please check your configuration.

stderr | tests/viewer.test.ts > MarkdownDocsViewer > Constructor > should apply default configuration
MarkdownDocsViewer Warning: Optional dependency missing: highlight.js.highlightElement - Auto-highlighting will be disabled undefined

stderr | tests/viewer.test.ts > MarkdownDocsViewer > Theme Management > should set theme correctly
MarkdownDocsViewer Warning: Optional dependency missing: highlight.js.highlightElement - Auto-highlighting will be disabled undefined

stderr | tests/viewer.test.ts > MarkdownDocsViewer > Theme Management > should apply theme styles to document head
MarkdownDocsViewer Warning: Optional dependency missing: highlight.js.highlightElement - Auto-highlighting will be disabled undefined

stderr | tests/viewer.test.ts > MarkdownDocsViewer > Document Management > should load documents from local source
MarkdownDocsViewer Warning: Optional dependency missing: highlight.js.highlightElement - Auto-highlighting will be disabled undefined

stderr | tests/viewer.test.ts > MarkdownDocsViewer > Document Management > should get document by id
MarkdownDocsViewer Warning: Optional dependency missing: highlight.js.highlightElement - Auto-highlighting will be disabled undefined

stderr | tests/viewer.test.ts > MarkdownDocsViewer > Document Management > should return null for non-existent document
MarkdownDocsViewer Warning: Optional dependency missing: highlight.js.highlightElement - Auto-highlighting will be disabled undefined

stderr | tests/viewer.test.ts > MarkdownDocsViewer > Document Management > should get all documents
MarkdownDocsViewer Warning: Optional dependency missing: highlight.js.highlightElement - Auto-highlighting will be disabled undefined

stderr | tests/viewer.test.ts > MarkdownDocsViewer > Document Management > should load specific document
MarkdownDocsViewer Warning: Optional dependency missing: highlight.js.highlightElement - Auto-highlighting will be disabled undefined

stderr | tests/viewer.test.ts > MarkdownDocsViewer > Document Management > should handle loading non-existent document
MarkdownDocsViewer Warning: Optional dependency missing: highlight.js.highlightElement - Auto-highlighting will be disabled undefined

stderr | tests/viewer.test.ts > MarkdownDocsViewer > Search Functionality > should search by title
MarkdownDocsViewer Warning: Optional dependency missing: highlight.js.highlightElement - Auto-highlighting will be disabled undefined

stderr | tests/viewer.test.ts > MarkdownDocsViewer > Search Functionality > should search by content
MarkdownDocsViewer Warning: Optional dependency missing: highlight.js.highlightElement - Auto-highlighting will be disabled undefined

stderr | tests/viewer.test.ts > MarkdownDocsViewer > Search Functionality > should search by tags
MarkdownDocsViewer Warning: Optional dependency missing: highlight.js.highlightElement - Auto-highlighting will be disabled undefined

stderr | tests/viewer.test.ts > MarkdownDocsViewer > Search Functionality > should return empty results for no matches
MarkdownDocsViewer Warning: Optional dependency missing: highlight.js.highlightElement - Auto-highlighting will be disabled undefined

stderr | tests/viewer.test.ts > MarkdownDocsViewer > Search Functionality > should be case insensitive
MarkdownDocsViewer Warning: Optional dependency missing: highlight.js.highlightElement - Auto-highlighting will be disabled undefined

stderr | tests/viewer.test.ts > MarkdownDocsViewer > Configuration Validation > should handle missing container
[INVALID_CONFIG] Container element is required for initialization.

stderr | tests/viewer.test.ts > MarkdownDocsViewer > Configuration Validation > should handle missing source
[INVALID_CONFIG] Document source configuration is required.

stderr | tests/viewer.test.ts > MarkdownDocsViewer > Configuration Validation > should apply navigation defaults
MarkdownDocsViewer Warning: Optional dependency missing: highlight.js.highlightElement - Auto-highlighting will be disabled undefined

stderr | tests/viewer.test.ts > MarkdownDocsViewer > Configuration Validation > should apply search defaults
MarkdownDocsViewer Warning: Optional dependency missing: highlight.js.highlightElement - Auto-highlighting will be disabled undefined

stderr | tests/viewer.test.ts > MarkdownDocsViewer > Configuration Validation > should apply render defaults
MarkdownDocsViewer Warning: Optional dependency missing: highlight.js.highlightElement - Auto-highlighting will be disabled undefined

stderr | tests/viewer.test.ts > MarkdownDocsViewer > State Management > should have initial state
MarkdownDocsViewer Warning: Optional dependency missing: highlight.js.highlightElement - Auto-highlighting will be disabled undefined

stderr | tests/viewer.test.ts > MarkdownDocsViewer > State Management > should update state when loading document
MarkdownDocsViewer Warning: Optional dependency missing: highlight.js.highlightElement - Auto-highlighting will be disabled undefined

stderr | tests/viewer.test.ts > MarkdownDocsViewer > State Management > should handle errors in state
MarkdownDocsViewer Warning: Optional dependency missing: highlight.js.highlightElement - Auto-highlighting will be disabled undefined

stderr | tests/viewer.test.ts > MarkdownDocsViewer > Cleanup > should clean up resources on destroy
MarkdownDocsViewer Warning: Optional dependency missing: highlight.js.highlightElement - Auto-highlighting will be disabled undefined

stderr | tests/viewer.test.ts > MarkdownDocsViewer > Event Handling > should call onDocumentLoad callback
MarkdownDocsViewer Warning: Optional dependency missing: highlight.js.highlightElement - Auto-highlighting will be disabled undefined

stderr | tests/viewer.test.ts > MarkdownDocsViewer > Event Handling > should call onError callback on errors
MarkdownDocsViewer Warning: Optional dependency missing: highlight.js.highlightElement - Auto-highlighting will be disabled undefined

stderr | tests/viewer.test.ts > MarkdownDocsViewer > Document Methods > should get all documents
MarkdownDocsViewer Warning: Optional dependency missing: highlight.js.highlightElement - Auto-highlighting will be disabled undefined

stderr | tests/viewer.test.ts > MarkdownDocsViewer > Document Methods > should get documents (alias method)
MarkdownDocsViewer Warning: Optional dependency missing: highlight.js.highlightElement - Auto-highlighting will be disabled undefined

stderr | tests/viewer.test.ts > MarkdownDocsViewer > Document Methods > should get document content
MarkdownDocsViewer Warning: Optional dependency missing: highlight.js.highlightElement - Auto-highlighting will be disabled undefined

stderr | tests/viewer.test.ts > MarkdownDocsViewer > Document Methods > should handle document content loading error
MarkdownDocsViewer Warning: Optional dependency missing: highlight.js.highlightElement - Auto-highlighting will be disabled undefined
[FILE_READ_ERROR] Unable to load the requested file. Please check if the file exists and is accessible.
MarkdownDocsViewer Warning: Failed to load document, returning empty content { documentId: 'error-doc' }

stderr | tests/viewer.test.ts > MarkdownDocsViewer > Search Methods > should perform search
MarkdownDocsViewer Warning: Optional dependency missing: highlight.js.highlightElement - Auto-highlighting will be disabled undefined

stderr | tests/viewer.test.ts > MarkdownDocsViewer > Search Methods > should handle search errors gracefully
MarkdownDocsViewer Warning: Optional dependency missing: highlight.js.highlightElement - Auto-highlighting will be disabled undefined

stderr | tests/viewer.test.ts > MarkdownDocsViewer > State and Config Methods > should get current state
MarkdownDocsViewer Warning: Optional dependency missing: highlight.js.highlightElement - Auto-highlighting will be disabled undefined

stderr | tests/viewer.test.ts > MarkdownDocsViewer > State and Config Methods > should get current config
MarkdownDocsViewer Warning: Optional dependency missing: highlight.js.highlightElement - Auto-highlighting will be disabled undefined

stderr | tests/viewer.test.ts > MarkdownDocsViewer > Error Handling > should handle dependency validation errors
MarkdownDocsViewer Warning: Optional dependency missing: highlight.js.highlightElement - Auto-highlighting will be disabled undefined
MarkdownDocsViewer Warning: Optional dependency missing: highlight.js.highlightElement - Auto-highlighting will be disabled undefined

stderr | tests/viewer.test.ts > MarkdownDocsViewer > Error Handling > should handle container validation with string selector
MarkdownDocsViewer Warning: Optional dependency missing: highlight.js.highlightElement - Auto-highlighting will be disabled undefined
MarkdownDocsViewer Warning: Optional dependency missing: highlight.js.highlightElement - Auto-highlighting will be disabled undefined
MarkdownDocsViewer Warning: Error during cleanup {
  error: TypeError: 'remove' called on an object that is not a valid instance of Element.
      at HTMLElement.remove (/Users/austinorphan/Library/Mobile Documents/com~apple~CloudDocs/src/markdown-docs-viewer/node_modules/jsdom/lib/jsdom/living/generated/Element.js:981:15)
      at ThemeSwitcher.destroy (/Users/austinorphan/Library/Mobile Documents/com~apple~CloudDocs/src/markdown-docs-viewer/src/theme-switcher.ts:705:16)
      at MarkdownDocsViewer.destroy (/Users/austinorphan/Library/Mobile Documents/com~apple~CloudDocs/src/markdown-docs-viewer/src/viewer.ts:1443:28)
      at /Users/austinorphan/Library/Mobile Documents/com~apple~CloudDocs/src/markdown-docs-viewer/tests/viewer.test.ts:233:14
      at file:///Users/austinorphan/Library/Mobile%20Documents/com%7Eapple%7ECloudDocs/src/markdown-docs-viewer/node_modules/@vitest/runner/dist/index.js:135:14
      at file:///Users/austinorphan/Library/Mobile%20Documents/com%7Eapple%7ECloudDocs/src/markdown-docs-viewer/node_modules/@vitest/runner/dist/index.js:60:26
      at file:///Users/austinorphan/Library/Mobile%20Documents/com%7Eapple%7ECloudDocs/src/markdown-docs-viewer/node_modules/@vitest/runner/dist/index.js:700:59
      at Array.map (<anonymous>)
      at callSuiteHook (file:///Users/austinorphan/Library/Mobile%20Documents/com%7Eapple%7ECloudDocs/src/markdown-docs-viewer/node_modules/@vitest/runner/dist/index.js:700:47)
      at callSuiteHook (file:///Users/austinorphan/Library/Mobile%20Documents/com%7Eapple%7ECloudDocs/src/markdown-docs-viewer/node_modules/@vitest/runner/dist/index.js:708:16)
}

stderr | tests/viewer.test.ts > MarkdownDocsViewer > Error Handling > should handle container validation with missing selector
MarkdownDocsViewer Warning: Optional dependency missing: highlight.js.highlightElement - Auto-highlighting will be disabled undefined
MarkdownDocsViewer Warning: Optional dependency missing: highlight.js.highlightElement - Auto-highlighting will be disabled undefined
[INVALID_CONFIG] Unable to find the container element. Please check your configuration.

stderr | tests/viewer.test.ts > MarkdownDocsViewer > Error Handling > should handle marked configuration errors gracefully
MarkdownDocsViewer Warning: Optional dependency missing: highlight.js.highlightElement - Auto-highlighting will be disabled undefined
MarkdownDocsViewer Warning: Optional dependency missing: highlight.js.highlightElement - Auto-highlighting will be disabled undefined

stderr | tests/viewer.test.ts > MarkdownDocsViewer > Navigation State Management > should save and restore navigation state
MarkdownDocsViewer Warning: Optional dependency missing: highlight.js.highlightElement - Auto-highlighting will be disabled undefined

stderr | tests/viewer.test.ts > MarkdownDocsViewer > Theme Integration > should handle theme change events
MarkdownDocsViewer Warning: Optional dependency missing: highlight.js.highlightElement - Auto-highlighting will be disabled undefined

stderr | tests/viewer.test.ts > MarkdownDocsViewer > Theme Integration > should handle theme string parameter
MarkdownDocsViewer Warning: Optional dependency missing: highlight.js.highlightElement - Auto-highlighting will be disabled undefined

stderr | tests/viewer.test.ts > MarkdownDocsViewer > Theme Integration > should handle invalid theme string gracefully
MarkdownDocsViewer Warning: Optional dependency missing: highlight.js.highlightElement - Auto-highlighting will be disabled undefined

stderr | tests/viewer.test.ts > MarkdownDocsViewer > Content Rendering > should render markdown content
MarkdownDocsViewer Warning: Optional dependency missing: highlight.js.highlightElement - Auto-highlighting will be disabled undefined
MarkdownDocsViewer Error: Failed to render markdown, showing raw content {
  error: TypeError: __vite_ssr_import_0__.marked is not a function
      at MarkdownDocsViewer.renderMarkdown (/Users/austinorphan/Library/Mobile Documents/com~apple~CloudDocs/src/markdown-docs-viewer/src/viewer.ts:706:18)
      at /Users/austinorphan/Library/Mobile Documents/com~apple~CloudDocs/src/markdown-docs-viewer/tests/viewer.test.ts:790:37
      at file:///Users/austinorphan/Library/Mobile%20Documents/com%7Eapple%7ECloudDocs/src/markdown-docs-viewer/node_modules/@vitest/runner/dist/index.js:135:14
      at file:///Users/austinorphan/Library/Mobile%20Documents/com%7Eapple%7ECloudDocs/src/markdown-docs-viewer/node_modules/@vitest/runner/dist/index.js:60:26
      at runTest (file:///Users/austinorphan/Library/Mobile%20Documents/com%7Eapple%7ECloudDocs/src/markdown-docs-viewer/node_modules/@vitest/runner/dist/index.js:781:17)
      at runSuite (file:///Users/austinorphan/Library/Mobile%20Documents/com%7Eapple%7ECloudDocs/src/markdown-docs-viewer/node_modules/@vitest/runner/dist/index.js:909:15)
      at runSuite (file:///Users/austinorphan/Library/Mobile%20Documents/com%7Eapple%7ECloudDocs/src/markdown-docs-viewer/node_modules/@vitest/runner/dist/index.js:909:15)
      at runSuite (file:///Users/austinorphan/Library/Mobile%20Documents/com%7Eapple%7ECloudDocs/src/markdown-docs-viewer/node_modules/@vitest/runner/dist/index.js:909:15)
      at runFiles (file:///Users/austinorphan/Library/Mobile%20Documents/com%7Eapple%7ECloudDocs/src/markdown-docs-viewer/node_modules/@vitest/runner/dist/index.js:958:5)
      at startTests (file:///Users/austinorphan/Library/Mobile%20Documents/com%7Eapple%7ECloudDocs/src/markdown-docs-viewer/node_modules/@vitest/runner/dist/index.js:967:3)
}

stderr | tests/viewer.test.ts > MarkdownDocsViewer > Content Rendering > should handle markdown rendering errors
MarkdownDocsViewer Warning: Optional dependency missing: highlight.js.highlightElement - Auto-highlighting will be disabled undefined
MarkdownDocsViewer Error: Failed to render markdown, showing raw content {
  error: TypeError: __vite_ssr_import_0__.marked is not a function
      at MarkdownDocsViewer.renderMarkdown (/Users/austinorphan/Library/Mobile Documents/com~apple~CloudDocs/src/markdown-docs-viewer/src/viewer.ts:706:18)
      at /Users/austinorphan/Library/Mobile Documents/com~apple~CloudDocs/src/markdown-docs-viewer/tests/viewer.test.ts:807:37
      at file:///Users/austinorphan/Library/Mobile%20Documents/com%7Eapple%7ECloudDocs/src/markdown-docs-viewer/node_modules/@vitest/runner/dist/index.js:135:14
      at file:///Users/austinorphan/Library/Mobile%20Documents/com%7Eapple%7ECloudDocs/src/markdown-docs-viewer/node_modules/@vitest/runner/dist/index.js:60:26
      at runTest (file:///Users/austinorphan/Library/Mobile%20Documents/com%7Eapple%7ECloudDocs/src/markdown-docs-viewer/node_modules/@vitest/runner/dist/index.js:781:17)
      at runSuite (file:///Users/austinorphan/Library/Mobile%20Documents/com%7Eapple%7ECloudDocs/src/markdown-docs-viewer/node_modules/@vitest/runner/dist/index.js:909:15)
      at runSuite (file:///Users/austinorphan/Library/Mobile%20Documents/com%7Eapple%7ECloudDocs/src/markdown-docs-viewer/node_modules/@vitest/runner/dist/index.js:909:15)
      at runSuite (file:///Users/austinorphan/Library/Mobile%20Documents/com%7Eapple%7ECloudDocs/src/markdown-docs-viewer/node_modules/@vitest/runner/dist/index.js:909:15)
      at runFiles (file:///Users/austinorphan/Library/Mobile%20Documents/com%7Eapple%7ECloudDocs/src/markdown-docs-viewer/node_modules/@vitest/runner/dist/index.js:958:5)
      at startTests (file:///Users/austinorphan/Library/Mobile%20Documents/com%7Eapple%7ECloudDocs/src/markdown-docs-viewer/node_modules/@vitest/runner/dist/index.js:967:3)
}

stderr | tests/viewer.test.ts > MarkdownDocsViewer > Content Rendering > should render error states
MarkdownDocsViewer Warning: Optional dependency missing: highlight.js.highlightElement - Auto-highlighting will be disabled undefined

stderr | tests/viewer.test.ts > MarkdownDocsViewer > Content Rendering > should render header with theme switcher and dark mode toggle
MarkdownDocsViewer Warning: Optional dependency missing: highlight.js.highlightElement - Auto-highlighting will be disabled undefined
MarkdownDocsViewer Warning: Optional dependency missing: highlight.js.highlightElement - Auto-highlighting will be disabled undefined

stderr | tests/viewer.test.ts > MarkdownDocsViewer > Content Rendering > should render sidebar content
MarkdownDocsViewer Warning: Optional dependency missing: highlight.js.highlightElement - Auto-highlighting will be disabled undefined

stderr | tests/viewer.test.ts > MarkdownDocsViewer > Content Rendering > should render main content area
MarkdownDocsViewer Warning: Optional dependency missing: highlight.js.highlightElement - Auto-highlighting will be disabled undefined

stderr | tests/viewer.test.ts > MarkdownDocsViewer > Content Rendering > should render footer
MarkdownDocsViewer Warning: Optional dependency missing: highlight.js.highlightElement - Auto-highlighting will be disabled undefined

stderr | tests/viewer.test.ts > MarkdownDocsViewer > Navigation State Management > should save and restore navigation state
MarkdownDocsViewer Warning: Optional dependency missing: highlight.js.highlightElement - Auto-highlighting will be disabled undefined

stderr | tests/viewer.test.ts > MarkdownDocsViewer > Navigation State Management > should save desktop sidebar state
MarkdownDocsViewer Warning: Optional dependency missing: highlight.js.highlightElement - Auto-highlighting will be disabled undefined

stderr | tests/viewer.test.ts > MarkdownDocsViewer > Navigation State Management > should restore navigation state for categories
MarkdownDocsViewer Warning: Optional dependency missing: highlight.js.highlightElement - Auto-highlighting will be disabled undefined

stderr | tests/viewer.test.ts > MarkdownDocsViewer > Navigation State Management > should handle category toggling
MarkdownDocsViewer Warning: Optional dependency missing: highlight.js.highlightElement - Auto-highlighting will be disabled undefined

stderr | tests/viewer.test.ts > MarkdownDocsViewer > Mobile and Responsive Features > should setup mobile interactions
MarkdownDocsViewer Warning: Optional dependency missing: highlight.js.highlightElement - Auto-highlighting will be disabled undefined
[UNKNOWN_ERROR] An unexpected error occurred. Please try again.
MarkdownDocsViewer Warning: Failed to setup mobile interactions undefined

stderr | tests/viewer.test.ts > MarkdownDocsViewer > Mobile and Responsive Features > should setup sidebar backdrop
MarkdownDocsViewer Warning: Optional dependency missing: highlight.js.highlightElement - Auto-highlighting will be disabled undefined

stderr | tests/viewer.test.ts > MarkdownDocsViewer > Mobile and Responsive Features > should setup swipe gestures
MarkdownDocsViewer Warning: Optional dependency missing: highlight.js.highlightElement - Auto-highlighting will be disabled undefined

stderr | tests/viewer.test.ts > MarkdownDocsViewer > Mobile and Responsive Features > should setup touch optimizations
MarkdownDocsViewer Warning: Optional dependency missing: highlight.js.highlightElement - Auto-highlighting will be disabled undefined

stderr | tests/viewer.test.ts > MarkdownDocsViewer > Mobile and Responsive Features > should setup responsive handlers
MarkdownDocsViewer Warning: Optional dependency missing: highlight.js.highlightElement - Auto-highlighting will be disabled undefined

stderr | tests/viewer.test.ts > MarkdownDocsViewer > Mobile and Responsive Features > should update responsive UI
MarkdownDocsViewer Warning: Optional dependency missing: highlight.js.highlightElement - Auto-highlighting will be disabled undefined

stderr | tests/viewer.test.ts > MarkdownDocsViewer > Mobile and Responsive Features > should update sidebar state
MarkdownDocsViewer Warning: Optional dependency missing: highlight.js.highlightElement - Auto-highlighting will be disabled undefined

stderr | tests/viewer.test.ts > MarkdownDocsViewer > Mobile and Responsive Features > should update desktop sidebar
MarkdownDocsViewer Warning: Optional dependency missing: highlight.js.highlightElement - Auto-highlighting will be disabled undefined

stderr | tests/viewer.test.ts > MarkdownDocsViewer > Keyboard Navigation > should handle navigation keydown events
MarkdownDocsViewer Warning: Optional dependency missing: highlight.js.highlightElement - Auto-highlighting will be disabled undefined

stderr | tests/viewer.test.ts > MarkdownDocsViewer > Keyboard Navigation > should handle category keydown events
MarkdownDocsViewer Warning: Optional dependency missing: highlight.js.highlightElement - Auto-highlighting will be disabled undefined

stderr | tests/viewer.test.ts > MarkdownDocsViewer > Keyboard Navigation > should announce navigation changes
MarkdownDocsViewer Warning: Optional dependency missing: highlight.js.highlightElement - Auto-highlighting will be disabled undefined

stderr | tests/viewer.test.ts > MarkdownDocsViewer > Additional Methods > should refresh the viewer
MarkdownDocsViewer Warning: Optional dependency missing: highlight.js.highlightElement - Auto-highlighting will be disabled undefined

stderr | tests/viewer.test.ts > MarkdownDocsViewer > Additional Methods > should handle search queries
MarkdownDocsViewer Warning: Optional dependency missing: highlight.js.highlightElement - Auto-highlighting will be disabled undefined

stdout | tests/viewer.test.ts > MarkdownDocsViewer > Additional Methods > should handle errors with error handler
[undefined] undefined

stderr | tests/viewer.test.ts > MarkdownDocsViewer > Additional Methods > should handle errors with error handler
MarkdownDocsViewer Warning: Optional dependency missing: highlight.js.highlightElement - Auto-highlighting will be disabled undefined

stderr | tests/viewer.test.ts > MarkdownDocsViewer > Additional Methods > should configure marked parser
MarkdownDocsViewer Warning: Optional dependency missing: highlight.js.highlightElement - Auto-highlighting will be disabled undefined
MarkdownDocsViewer Warning: Failed to configure markdown parser {
  error: TypeError: __vite_ssr_import_0__.marked.setOptions is not a function
      at MarkdownDocsViewer.configureMarked (/Users/austinorphan/Library/Mobile Documents/com~apple~CloudDocs/src/markdown-docs-viewer/src/viewer.ts:425:14)
      at /Users/austinorphan/Library/Mobile Documents/com~apple~CloudDocs/src/markdown-docs-viewer/tests/viewer.test.ts:1043:36
      at Proxy.assertThrows (/Users/austinorphan/Library/Mobile Documents/com~apple~CloudDocs/src/markdown-docs-viewer/node_modules/chai/lib/chai/core/assertions.js:2644:7)
      at Proxy.methodWrapper (/Users/austinorphan/Library/Mobile Documents/com~apple~CloudDocs/src/markdown-docs-viewer/node_modules/chai/lib/chai/utils/addMethod.js:57:25)
      at Proxy.<anonymous> (file:///Users/austinorphan/Library/Mobile%20Documents/com%7Eapple%7ECloudDocs/src/markdown-docs-viewer/node_modules/@vitest/expect/dist/index.js:850:16)
      at Proxy.overwritingMethodWrapper (/Users/austinorphan/Library/Mobile Documents/com~apple~CloudDocs/src/markdown-docs-viewer/node_modules/chai/lib/chai/utils/overwriteMethod.js:78:33)
      at Proxy.<anonymous> (file:///Users/austinorphan/Library/Mobile%20Documents/com%7Eapple%7ECloudDocs/src/markdown-docs-viewer/node_modules/@vitest/expect/dist/index.js:1324:19)
      at Proxy.<anonymous> (file:///Users/austinorphan/Library/Mobile%20Documents/com%7Eapple%7ECloudDocs/src/markdown-docs-viewer/node_modules/@vitest/expect/dist/index.js:800:17)
      at Proxy.methodWrapper (/Users/austinorphan/Library/Mobile Documents/com~apple~CloudDocs/src/markdown-docs-viewer/node_modules/chai/lib/chai/utils/addMethod.js:57:25)
      at /Users/austinorphan/Library/Mobile Documents/com~apple~CloudDocs/src/markdown-docs-viewer/tests/viewer.test.ts:1043:54
}

stderr | tests/viewer.test.ts > MarkdownDocsViewer > Additional Methods > should attach event listeners
MarkdownDocsViewer Warning: Optional dependency missing: highlight.js.highlightElement - Auto-highlighting will be disabled undefined
[UNKNOWN_ERROR] An unexpected error occurred. Please try again.
MarkdownDocsViewer Warning: Failed to attach some event listeners undefined

stderr | tests/viewer.test.ts > MarkdownDocsViewer > Additional Methods > should validate dependencies
MarkdownDocsViewer Warning: Optional dependency missing: highlight.js.highlightElement - Auto-highlighting will be disabled undefined
MarkdownDocsViewer Warning: Optional dependency missing: highlight.js.highlightElement - Auto-highlighting will be disabled undefined

stderr | tests/viewer.test.ts > MarkdownDocsViewer > Additional Methods > should save navigation state for categories
MarkdownDocsViewer Warning: Optional dependency missing: highlight.js.highlightElement - Auto-highlighting will be disabled undefined

 ✓ tests/viewer.test.ts > MarkdownDocsViewer > Constructor > should create a viewer instance with valid config
 ✓ tests/viewer.test.ts > MarkdownDocsViewer > Constructor > should throw error when container not found
 ✓ tests/viewer.test.ts > MarkdownDocsViewer > Constructor > should apply default configuration
 ✓ tests/viewer.test.ts > MarkdownDocsViewer > Theme Management > should set theme correctly
 ✓ tests/viewer.test.ts > MarkdownDocsViewer > Theme Management > should apply theme styles to document head
 ✓ tests/viewer.test.ts > MarkdownDocsViewer > Document Management > should load documents from local source
 ✓ tests/viewer.test.ts > MarkdownDocsViewer > Document Management > should get document by id
 ✓ tests/viewer.test.ts > MarkdownDocsViewer > Document Management > should return null for non-existent document
 ✓ tests/viewer.test.ts > MarkdownDocsViewer > Document Management > should get all documents
 ✓ tests/viewer.test.ts > MarkdownDocsViewer > Document Management > should load specific document
 ✓ tests/viewer.test.ts > MarkdownDocsViewer > Document Management > should handle loading non-existent document
 ✓ tests/viewer.test.ts > MarkdownDocsViewer > Search Functionality > should search by title
 ✓ tests/viewer.test.ts > MarkdownDocsViewer > Search Functionality > should search by content
 ✓ tests/viewer.test.ts > MarkdownDocsViewer > Search Functionality > should search by tags
 ✓ tests/viewer.test.ts > MarkdownDocsViewer > Search Functionality > should return empty results for no matches
 ✓ tests/viewer.test.ts > MarkdownDocsViewer > Search Functionality > should be case insensitive
 ✓ tests/viewer.test.ts > MarkdownDocsViewer > Configuration Validation > should handle missing container
 ✓ tests/viewer.test.ts > MarkdownDocsViewer > Configuration Validation > should handle missing source
 ✓ tests/viewer.test.ts > MarkdownDocsViewer > Configuration Validation > should apply navigation defaults
 ✓ tests/viewer.test.ts > MarkdownDocsViewer > Configuration Validation > should apply search defaults
 ✓ tests/viewer.test.ts > MarkdownDocsViewer > Configuration Validation > should apply render defaults
 ✓ tests/viewer.test.ts > MarkdownDocsViewer > State Management > should have initial state
 ✓ tests/viewer.test.ts > MarkdownDocsViewer > State Management > should update state when loading document
 ✓ tests/viewer.test.ts > MarkdownDocsViewer > State Management > should handle errors in state
 ✓ tests/viewer.test.ts > MarkdownDocsViewer > Cleanup > should clean up resources on destroy
 ✓ tests/viewer.test.ts > MarkdownDocsViewer > Event Handling > should call onDocumentLoad callback
 ✓ tests/viewer.test.ts > MarkdownDocsViewer > Event Handling > should call onError callback on errors
 ✓ tests/viewer.test.ts > MarkdownDocsViewer > Theme Methods > should get current theme
 ✓ tests/viewer.test.ts > MarkdownDocsViewer > Theme Methods > should get theme styles
 ✓ tests/viewer.test.ts > MarkdownDocsViewer > Theme Methods > should get available themes
 ✓ tests/viewer.test.ts > MarkdownDocsViewer > Theme Methods > should register custom themes
 ✓ tests/viewer.test.ts > MarkdownDocsViewer > Theme Methods > should create custom themes with overrides
 ✓ tests/viewer.test.ts > MarkdownDocsViewer > Document Methods > should get all documents
 ✓ tests/viewer.test.ts > MarkdownDocsViewer > Document Methods > should get documents (alias method)
 ✓ tests/viewer.test.ts > MarkdownDocsViewer > Document Methods > should get document content
 ✓ tests/viewer.test.ts > MarkdownDocsViewer > Document Methods > should handle document content loading error
 ✓ tests/viewer.test.ts > MarkdownDocsViewer > Search Methods > should perform search
 ✓ tests/viewer.test.ts > MarkdownDocsViewer > Search Methods > should handle search errors gracefully
 ✓ tests/viewer.test.ts > MarkdownDocsViewer > State and Config Methods > should get current state
 ✓ tests/viewer.test.ts > MarkdownDocsViewer > State and Config Methods > should get current config
 ✓ tests/viewer.test.ts > MarkdownDocsViewer > Error Handling > should handle dependency validation errors
 ✓ tests/viewer.test.ts > MarkdownDocsViewer > Error Handling > should handle container validation with string selector
 ✓ tests/viewer.test.ts > MarkdownDocsViewer > Error Handling > should handle container validation with missing selector
 ✓ tests/viewer.test.ts > MarkdownDocsViewer > Error Handling > should handle marked configuration errors gracefully
 ✓ tests/viewer.test.ts > MarkdownDocsViewer > Navigation State Management > should save and restore navigation state
 ✓ tests/viewer.test.ts > MarkdownDocsViewer > Theme Integration > should handle theme change events
 ✓ tests/viewer.test.ts > MarkdownDocsViewer > Theme Integration > should handle theme string parameter
 ✓ tests/viewer.test.ts > MarkdownDocsViewer > Theme Integration > should handle invalid theme string gracefully
 ✓ tests/viewer.test.ts > MarkdownDocsViewer > Content Rendering > should render markdown content
 ✓ tests/viewer.test.ts > MarkdownDocsViewer > Content Rendering > should handle markdown rendering errors
 ✓ tests/viewer.test.ts > MarkdownDocsViewer > Content Rendering > should render error states
 ✓ tests/viewer.test.ts > MarkdownDocsViewer > Content Rendering > should render header with theme switcher and dark mode toggle
 ✓ tests/viewer.test.ts > MarkdownDocsViewer > Content Rendering > should render sidebar content
 ✓ tests/viewer.test.ts > MarkdownDocsViewer > Content Rendering > should render main content area
 ✓ tests/viewer.test.ts > MarkdownDocsViewer > Content Rendering > should render footer
 × tests/viewer.test.ts > MarkdownDocsViewer > Navigation State Management > should save and restore navigation state
   → Cannot redefine property: localStorage
 × tests/viewer.test.ts > MarkdownDocsViewer > Navigation State Management > should save desktop sidebar state
   → Cannot redefine property: localStorage
 ✓ tests/viewer.test.ts > MarkdownDocsViewer > Navigation State Management > should restore navigation state for categories
 ✓ tests/viewer.test.ts > MarkdownDocsViewer > Navigation State Management > should handle category toggling
 ✓ tests/viewer.test.ts > MarkdownDocsViewer > Mobile and Responsive Features > should setup mobile interactions
 × tests/viewer.test.ts > MarkdownDocsViewer > Mobile and Responsive Features > should setup sidebar backdrop
   → expected [Function] to not throw an error but 'TypeError: backdrop.addEventListener …' was thrown
 ✓ tests/viewer.test.ts > MarkdownDocsViewer > Mobile and Responsive Features > should setup swipe gestures
 ✓ tests/viewer.test.ts > MarkdownDocsViewer > Mobile and Responsive Features > should setup touch optimizations
 ✓ tests/viewer.test.ts > MarkdownDocsViewer > Mobile and Responsive Features > should setup responsive handlers
 ✓ tests/viewer.test.ts > MarkdownDocsViewer > Mobile and Responsive Features > should update responsive UI
 ✓ tests/viewer.test.ts > MarkdownDocsViewer > Mobile and Responsive Features > should update sidebar state
 ✓ tests/viewer.test.ts > MarkdownDocsViewer > Mobile and Responsive Features > should update desktop sidebar
 ✓ tests/viewer.test.ts > MarkdownDocsViewer > Keyboard Navigation > should handle navigation keydown events
 ✓ tests/viewer.test.ts > MarkdownDocsViewer > Keyboard Navigation > should handle category keydown events
 × tests/viewer.test.ts > MarkdownDocsViewer > Keyboard Navigation > should announce navigation changes
   → expected [Function] to not throw an error but 'TypeError: document.getElementById is…' was thrown
 ✓ tests/viewer.test.ts > MarkdownDocsViewer > Additional Methods > should refresh the viewer
 ✓ tests/viewer.test.ts > MarkdownDocsViewer > Additional Methods > should handle search queries
 ✓ tests/viewer.test.ts > MarkdownDocsViewer > Additional Methods > should handle errors with error handler
 ✓ tests/viewer.test.ts > MarkdownDocsViewer > Additional Methods > should configure marked parser
 ✓ tests/viewer.test.ts > MarkdownDocsViewer > Additional Methods > should attach event listeners
 ✓ tests/viewer.test.ts > MarkdownDocsViewer > Additional Methods > should validate dependencies
 ✓ tests/viewer.test.ts > MarkdownDocsViewer > Additional Methods > should save navigation state for categories
 ✓ tests/search.test.ts > SearchManager > Search results rendering > should render no results message
 ✓ tests/search.test.ts > SearchManager > Search results rendering > should highlight search query in results
 ✓ tests/search.test.ts > SearchManager > Search results rendering > should render document with all fields
 ✓ tests/search.test.ts > SearchManager > Focus and blur handling > should perform search on focus if query exists
 ✓ tests/theme-switcher.test.ts > ThemeSwitcher > Constructor > should initialize with default options
 ✓ tests/theme-switcher.test.ts > ThemeSwitcher > Constructor > should initialize with custom options
 ✓ tests/theme-switcher.test.ts > ThemeSwitcher > render > should render theme switcher HTML with default options
 ✓ tests/theme-switcher.test.ts > ThemeSwitcher > render > should render floating switcher when position is floating
 ✓ tests/theme-switcher.test.ts > ThemeSwitcher > render > should hide custom theme button when allowCustomThemes is false
 ✓ tests/theme-switcher.test.ts > ThemeSwitcher > render > should render all available themes as options
 ✓ tests/theme-switcher.test.ts > ThemeSwitcher > render > should mark current theme as active
 ✓ tests/theme-switcher.test.ts > ThemeSwitcher > render > should show theme descriptions when enabled
 ✓ tests/theme-switcher.test.ts > ThemeSwitcher > render > should hide theme descriptions when disabled
 ✓ tests/theme-switcher.test.ts > ThemeSwitcher > render > should show theme preview when enabled
 ✓ tests/theme-switcher.test.ts > ThemeSwitcher > render > should hide theme preview when disabled
 ✓ tests/theme-switcher.test.ts > ThemeSwitcher > render > should use appropriate theme icons
 ✓ tests/theme-switcher.test.ts > ThemeSwitcher > render > should handle theme without description
 ✓ tests/theme-switcher.test.ts > ThemeSwitcher > attachTo > should attach to container and setup event listeners
 ✓ tests/theme-switcher.test.ts > ThemeSwitcher > attachTo > should handle missing trigger gracefully
 ✓ tests/theme-switcher.test.ts > ThemeSwitcher > dropdown functionality > should toggle dropdown when trigger is clicked
 ✓ tests/theme-switcher.test.ts > ThemeSwitcher > dropdown functionality > should close dropdown when clicking outside
 ✓ tests/theme-switcher.test.ts > ThemeSwitcher > dropdown functionality > should not close dropdown when clicking inside
 ✓ tests/theme-switcher.test.ts > ThemeSwitcher > dropdown functionality > should prevent event bubbling on trigger click
 ✓ tests/theme-switcher.test.ts > ThemeSwitcher > theme selection > should select theme when option is clicked
 ✓ tests/theme-switcher.test.ts > ThemeSwitcher > theme selection > should close dropdown after selecting theme
 ✓ tests/theme-switcher.test.ts > ThemeSwitcher > theme selection > should call onThemeChange callback when theme is selected
 ✓ tests/theme-switcher.test.ts > ThemeSwitcher > theme selection > should update UI after theme selection
 ✓ tests/theme-switcher.test.ts > ThemeSwitcher > theme selection > should handle theme selection when setTheme returns null
 ✓ tests/theme-switcher.test.ts > ThemeSwitcher > theme selection > should ignore clicks on non-theme elements
 ✓ tests/theme-switcher.test.ts > ThemeSwitcher > custom theme button > should handle custom theme button click
 ✓ tests/theme-switcher.test.ts > ThemeSwitcher > custom theme button > should close dropdown when custom theme button is clicked
 ✓ tests/theme-switcher.test.ts > ThemeSwitcher > keyboard navigation > should navigate down with ArrowDown key
 ✓ tests/theme-switcher.test.ts > ThemeSwitcher > keyboard navigation > should navigate up with ArrowUp key
 ✓ tests/theme-switcher.test.ts > ThemeSwitcher > keyboard navigation > should wrap around at the end with ArrowDown
 ✓ tests/theme-switcher.test.ts > ThemeSwitcher > keyboard navigation > should select theme with Enter key
 ✓ tests/theme-switcher.test.ts > ThemeSwitcher > keyboard navigation > should select theme with Space key
 ✓ tests/theme-switcher.test.ts > ThemeSwitcher > keyboard navigation > should close dropdown with Escape key
 ✓ tests/theme-switcher.test.ts > ThemeSwitcher > keyboard navigation > should not respond to keyboard when dropdown is closed
 ✓ tests/theme-switcher.test.ts > ThemeSwitcher > keyboard navigation > should handle keyboard navigation when no option is focused
 ✓ tests/theme-switcher.test.ts > ThemeSwitcher > theme icons > should return correct icons for known themes
 ✓ tests/theme-switcher.test.ts > ThemeSwitcher > theme icons > should return default icon for unknown themes
 ✓ tests/theme-switcher.test.ts > ThemeSwitcher > getStyles > should return CSS styles string
 ✓ tests/theme-switcher.test.ts > ThemeSwitcher > getStyles > should include floating styles
 ✓ tests/theme-switcher.test.ts > ThemeSwitcher > getStyles > should include mobile responsive styles
 ✓ tests/theme-switcher.test.ts > ThemeSwitcher > getStyles > should include dropdown animation styles
 ✓ tests/theme-switcher.test.ts > ThemeSwitcher > getStyles > should include preview styles
 ✓ tests/theme-switcher.test.ts > ThemeSwitcher > edge cases > should handle empty themes array
 ✓ tests/theme-switcher.test.ts > ThemeSwitcher > edge cases > should handle theme without colors for preview
 ✓ tests/theme-switcher.test.ts > ThemeSwitcher > edge cases > should handle missing DOM elements gracefully
 ✓ tests/search.test.ts > SearchManager > Focus and blur handling > should hide results on blur with delay
 ✓ tests/search.test.ts > SearchManager > Public methods > should clear search
 ✓ tests/search.test.ts > SearchManager > Public methods > should set documents for selection
 ✓ tests/search.test.ts > SearchManager > destroy > should remove event listeners
 ✓ tests/search.test.ts > SearchManager > Search options > should pass search options to index
 ✓ tests/search.test.ts > SearchManager > Search options > should use default maxResults if not specified
 ✓ tests/search.test.ts > SearchManager > Mouse interactions > should activate result on mouse enter
 ✓ tests/search.test.ts > SearchManager > Mouse interactions > should select result on click
 ✓ tests/errors.test.ts > Error Handling System > MarkdownDocsError > should create error with all properties
 ✓ tests/errors.test.ts > Error Handling System > MarkdownDocsError > should have default values
 ✓ tests/errors.test.ts > Error Handling System > MarkdownDocsError > should serialize to JSON correctly
 ✓ tests/errors.test.ts > Error Handling System > ErrorFactory > should create container not found error
 ✓ tests/errors.test.ts > Error Handling System > ErrorFactory > should create document not found error
 ✓ tests/errors.test.ts > Error Handling System > ErrorFactory > should create network error
 ✓ tests/errors.test.ts > Error Handling System > ErrorFactory > should create GitHub API error
 ✓ tests/errors.test.ts > Error Handling System > ErrorFactory > should create GitHub rate limit error
 ✓ tests/errors.test.ts > Error Handling System > ErrorFactory > should create parse error
 ✓ tests/errors.test.ts > Error Handling System > withRetry > should succeed on first attempt
 ✓ tests/errors.test.ts > Error Handling System > withRetry > should retry on failure and eventually succeed
 ✓ tests/errors.test.ts > Error Handling System > withRetry > should not retry non-retryable errors
 ✓ tests/errors.test.ts > Error Handling System > withRetry > should respect maxAttempts configuration
 ✓ tests/errors.test.ts > Error Handling System > withRetry > should handle non-MarkdownDocsError exceptions
 ✓ tests/errors.test.ts > Error Handling System > withRetry > should apply exponential backoff delays
 ✓ tests/errors.test.ts > Error Handling System > ErrorBoundary > should execute operation successfully
 ✓ tests/errors.test.ts > Error Handling System > ErrorBoundary > should handle errors and call fallback
 ✓ tests/errors.test.ts > Error Handling System > ErrorBoundary > should pass through MarkdownDocsError unchanged
 ✓ tests/errors.test.ts > Error Handling System > ErrorBoundary > should work without error handler
 ✓ tests/errors.test.ts > Error Handling System > ConsoleErrorLogger > in development mode > should log detailed error information
 ✓ tests/errors.test.ts > Error Handling System > ConsoleErrorLogger > in development mode > should log debug messages in development
 ✓ tests/errors.test.ts > Error Handling System > ConsoleErrorLogger > in production mode > should log simplified error information
 ✓ tests/errors.test.ts > Error Handling System > ConsoleErrorLogger > in production mode > should not log debug messages in production
 ✓ tests/errors.test.ts > Error Handling System > ConsoleErrorLogger > should use appropriate log levels for different severities
 ✓ tests/errors.test.ts > Error Handling System > ConsoleErrorLogger > should log warnings and errors
 ✓ tests/errors.test.ts > Error Handling System > Error Code Coverage > should have all error codes defined
 ✓ tests/errors.test.ts > Error Handling System > Error Code Coverage > should have all error severities defined
 ✓ tests/errors.test.ts > Error Handling System > Default Retry Configuration > should have sensible defaults
stderr | tests/toc.test.ts > TableOfContents > generate > should fallback to manual parsing when lexer fails
`marked.lexer` failed, falling back to manual heading parsing.

stderr | tests/toc.test.ts > TableOfContents > generate > should handle manual parsing with various heading formats
`marked.lexer` failed, falling back to manual heading parsing.

 ✓ tests/toc.test.ts > TableOfContents > Constructor > should initialize with default options
 ✓ tests/toc.test.ts > TableOfContents > Constructor > should initialize with custom options
 ✓ tests/toc.test.ts > TableOfContents > Constructor > should merge custom options with defaults
 ✓ tests/toc.test.ts > TableOfContents > generate > should return empty array when disabled
 ✓ tests/toc.test.ts > TableOfContents > generate > should generate TOC from markdown tokens
 ✓ tests/toc.test.ts > TableOfContents > generate > should respect maxDepth option
 ✓ tests/toc.test.ts > TableOfContents > generate > should handle empty content
 ✓ tests/toc.test.ts > TableOfContents > generate > should handle content with no headings
 ✓ tests/toc.test.ts > TableOfContents > generate > should fallback to manual parsing when lexer fails
 ✓ tests/toc.test.ts > TableOfContents > generate > should handle manual parsing with various heading formats
 ✓ tests/toc.test.ts > TableOfContents > generate > should generate unique IDs for headings
 ✓ tests/toc.test.ts > TableOfContents > render > should render TOC HTML
 ✓ tests/toc.test.ts > TableOfContents > render > should render with custom position
 ✓ tests/toc.test.ts > TableOfContents > render > should render sticky TOC
 ✓ tests/toc.test.ts > TableOfContents > render > should render collapsible TOC
 ✓ tests/toc.test.ts > TableOfContents > render > should handle empty TOC items
 ✓ tests/toc.test.ts > TableOfContents > render > should render collapsible classes
 ✓ tests/toc.test.ts > TableOfContents > initScrollSpy > should init scroll spy when enabled
 ✓ tests/toc.test.ts > TableOfContents > initScrollSpy > should not init scroll spy when disabled
 ✓ tests/toc.test.ts > TableOfContents > initScrollSpy > should handle container without headings
 ✓ tests/toc.test.ts > TableOfContents > destroy > should handle destroy
 ✓ tests/toc.test.ts > TableOfContents > destroy > should handle destroy without setup
 ✓ tests/toc.test.ts > TableOfContents > getStyles > should return CSS styles
 ✓ tests/toc.test.ts > TableOfContents > generateId through generate method > should generate slug from text
 ✓ tests/toc.test.ts > TableOfContents > generateId through generate method > should handle special characters
 ✓ tests/toc.test.ts > TableOfContents > generateId through generate method > should handle empty text
 ✓ tests/toc.test.ts > TableOfContents > generateId through generate method > should handle duplicate IDs
 ✓ tests/toc.test.ts > TableOfContents > Edge cases > should handle deeply nested headings
 ✓ tests/toc.test.ts > TableOfContents > Edge cases > should handle headings starting at level 2
 ✓ tests/toc.test.ts > TableOfContents > Edge cases > should handle non-sequential heading levels
 ✓ tests/themes.test.ts > Themes > themes.default.light > should have all required color properties
 ✓ tests/themes.test.ts > Themes > themes.default.light > should have valid CSS color values
 ✓ tests/themes.test.ts > Themes > themes.default.light > should have all required font properties
 ✓ tests/themes.test.ts > Themes > themes.default.light > should have valid font stacks
 ✓ tests/themes.test.ts > Themes > themes.default.dark > should have all required color properties
 ✓ tests/themes.test.ts > Themes > themes.default.dark > should have different colors from default theme
 ✓ tests/themes.test.ts > Themes > themes.default.dark > should have dark background colors
 ✓ tests/themes.test.ts > Themes > themes.default.dark > should have light text colors for contrast
 ✓ tests/themes.test.ts > Themes > themes.default.dark > should have same font structure as default theme
 ✓ tests/themes.test.ts > Themes > Theme Validation > should have consistent structure between themes
 ✓ tests/themes.test.ts > Themes > Theme Validation > should have valid CSS units for spacing if present
 ✓ tests/themes.test.ts > Themes > Theme Validation > should have valid CSS units for radius if present
 ✓ tests/themes.test.ts > Themes > Accessibility Considerations > should have sufficient contrast between text and background
 ✓ tests/themes.test.ts > Themes > Accessibility Considerations > should not rely only on color for information
 ✓ tests/themes.test.ts > Themes > Custom Theme Creation > should be possible to extend default theme
 ✓ tests/themes.test.ts > Themes > Custom Theme Creation > should be possible to extend dark theme
 ✓ tests/themes.test.ts > Themes > Custom Theme Creation > should be possible to create completely custom theme
 ✓ tests/themes.test.ts > Themes > createCustomTheme > should create custom theme based on default theme
 ✓ tests/themes.test.ts > Themes > createCustomTheme > should create custom theme based on dark theme when name contains dark
 ✓ tests/themes.test.ts > Themes > createCustomTheme > should merge all theme properties
 ✓ tests/themes.test.ts > Themes > createCustomTheme > should handle empty overrides
 ✓ tests/themes.test.ts > Themes > createCustomTheme > should handle overrides with undefined values
 ✓ tests/themes.test.ts > Themes > createCustomTheme > should handle new signature with base name and mode
 ✓ tests/themes.test.ts > Themes > createCustomTheme > should support backward compatibility for dark theme name
 ✓ tests/dark-mode-toggle.test.ts > DarkModeToggle > Constructor > should initialize with default options
 ✓ tests/dark-mode-toggle.test.ts > DarkModeToggle > Constructor > should initialize with custom options
 ✓ tests/dark-mode-toggle.test.ts > DarkModeToggle > Constructor > should determine initial dark state based on current theme
 ✓ tests/dark-mode-toggle.test.ts > DarkModeToggle > Constructor > should determine initial light state based on current theme
 ✓ tests/dark-mode-toggle.test.ts > DarkModeToggle > render > should render toggle HTML with default options
 ✓ tests/dark-mode-toggle.test.ts > DarkModeToggle > render > should render toggle HTML with label when showLabel is true
 ✓ tests/dark-mode-toggle.test.ts > DarkModeToggle > render > should render floating toggle when position is floating
 ✓ tests/dark-mode-toggle.test.ts > DarkModeToggle > render > should render in dark state when initialized as dark
 ✓ tests/dark-mode-toggle.test.ts > DarkModeToggle > render > should generate unique IDs for multiple instances
 ✓ tests/dark-mode-toggle.test.ts > DarkModeToggle > attachTo > should attach to container and setup event listeners
 ✓ tests/dark-mode-toggle.test.ts > DarkModeToggle > attachTo > should handle missing button gracefully
 ✓ tests/dark-mode-toggle.test.ts > DarkModeToggle > toggle > should toggle from light to dark mode
 ✓ tests/dark-mode-toggle.test.ts > DarkModeToggle > toggle > should toggle from dark to light mode
 ✓ tests/dark-mode-toggle.test.ts > DarkModeToggle > toggle > should dispatch custom event on toggle
 ✓ tests/dark-mode-toggle.test.ts > DarkModeToggle > toggle > should call onToggle callback if provided
 ✓ tests/dark-mode-toggle.test.ts > DarkModeToggle > toggle > should handle theme manager returning null
 ✓ tests/dark-mode-toggle.test.ts > DarkModeToggle > setDarkMode > should toggle to dark mode when called with true
 ✓ tests/dark-mode-toggle.test.ts > DarkModeToggle > setDarkMode > should toggle to light mode when called with false
 ✓ tests/dark-mode-toggle.test.ts > DarkModeToggle > setDarkMode > should not toggle if already in requested state
 ✓ tests/dark-mode-toggle.test.ts > DarkModeToggle > updateUI > should update button classes and attributes when toggled
 ✓ tests/dark-mode-toggle.test.ts > DarkModeToggle > updateUI > should update label text when toggled with showLabel enabled
 ✓ tests/dark-mode-toggle.test.ts > DarkModeToggle > updateUI > should update icon when toggled
 ✓ tests/dark-mode-toggle.test.ts > DarkModeToggle > updateUI > should handle missing elements gracefully
 ✓ tests/dark-mode-toggle.test.ts > DarkModeToggle > Theme change event handling > should update state when external theme change event is received
 ✓ tests/dark-mode-toggle.test.ts > DarkModeToggle > Theme change event handling > should not update state if theme name matches current state
 ✓ tests/dark-mode-toggle.test.ts > DarkModeToggle > Theme change event handling > should handle theme change event without detail
 ✓ tests/dark-mode-toggle.test.ts > DarkModeToggle > Button click handling > should toggle when button is clicked
 ✓ tests/dark-mode-toggle.test.ts > DarkModeToggle > getStyles > should return CSS styles string
 ✓ tests/dark-mode-toggle.test.ts > DarkModeToggle > getStyles > should include responsive styles
 ✓ tests/dark-mode-toggle.test.ts > DarkModeToggle > getStyles > should include accessibility styles
 ✓ tests/dark-mode-toggle.test.ts > DarkModeToggle > Icon rendering > should render sun icon in light mode
 ✓ tests/dark-mode-toggle.test.ts > DarkModeToggle > Icon rendering > should render moon icon in dark mode
 ✓ tests/dom-integration.test.ts > DOM Integration Tests > DOM Structure Creation > should create proper semantic HTML structure
 ✓ tests/dom-integration.test.ts > DOM Integration Tests > DOM Structure Creation > should render navigation with proper ARIA attributes
 ✓ tests/dom-integration.test.ts > DOM Integration Tests > DOM Structure Creation > should create accessible mobile toggle button
 ✓ tests/dom-integration.test.ts > DOM Integration Tests > Search Interface > should render search input with proper attributes
 ✓ tests/dom-integration.test.ts > DOM Integration Tests > Search Interface > should update search results when typing
 ✓ tests/dom-integration.test.ts > DOM Integration Tests > Search Interface > should show no results for empty search
 ✓ tests/dom-integration.test.ts > DOM Integration Tests > Document Rendering > should render markdown content properly
 ✓ tests/dom-integration.test.ts > DOM Integration Tests > Document Rendering > should render code blocks with copy buttons when enabled
 ✓ tests/new-themes.test.ts > New Theme Integration > Base Themes Structure > should have complete vscode theme definition
 ✓ tests/new-themes.test.ts > New Theme Integration > Base Themes Structure > should have valid color values for vscode
 ✓ tests/new-themes.test.ts > New Theme Integration > Base Themes Structure > should have complete nord theme definition
 ✓ tests/new-themes.test.ts > New Theme Integration > Base Themes Structure > should have valid color values for nord
 ✓ tests/new-themes.test.ts > New Theme Integration > Base Themes Structure > should have complete dracula theme definition
 ✓ tests/new-themes.test.ts > New Theme Integration > Base Themes Structure > should have valid color values for dracula
 ✓ tests/new-themes.test.ts > New Theme Integration > Base Themes Structure > should have complete solarized theme definition
 ✓ tests/new-themes.test.ts > New Theme Integration > Base Themes Structure > should have valid color values for solarized
 ✓ tests/new-themes.test.ts > New Theme Integration > Base Themes Structure > should have complete monokai theme definition
 ✓ tests/new-themes.test.ts > New Theme Integration > Base Themes Structure > should have valid color values for monokai
 ✓ tests/new-themes.test.ts > New Theme Integration > Base Themes Structure > should have complete ayu theme definition
 ✓ tests/new-themes.test.ts > New Theme Integration > Base Themes Structure > should have valid color values for ayu
 ✓ tests/new-themes.test.ts > New Theme Integration > Base Themes Structure > should have complete catppuccin theme definition
 ✓ tests/new-themes.test.ts > New Theme Integration > Base Themes Structure > should have valid color values for catppuccin
 ✓ tests/new-themes.test.ts > New Theme Integration > Base Themes Structure > should have complete tokyo theme definition
 ✓ tests/new-themes.test.ts > New Theme Integration > Base Themes Structure > should have valid color values for tokyo
 ✓ tests/new-themes.test.ts > New Theme Integration > Theme Generation > should generate all theme variants including new themes
 ✓ tests/new-themes.test.ts > New Theme Integration > Theme Generation > should have proper theme structure for all variants
 ✓ tests/new-themes.test.ts > New Theme Integration > Theme Manager Integration > should register all new themes in ThemeManager
 ✓ tests/new-themes.test.ts > New Theme Integration > Theme Manager Integration > should be able to set new themes
 ✓ tests/new-themes.test.ts > New Theme Integration > Theme Utilities > should correctly extract base names from new theme names
 ✓ tests/new-themes.test.ts > New Theme Integration > Theme Utilities > should correctly extract modes from new theme names
 ✓ tests/new-themes.test.ts > New Theme Integration > Theme Color Accessibility > should have good contrast between text and background for all new themes
 ✓ tests/new-themes.test.ts > New Theme Integration > Theme Font Families > should have appropriate font families for each theme
 ✓ tests/new-themes.test.ts > New Theme Integration > Theme Font Families > should have theme-specific fonts where appropriate
 ✓ tests/new-themes.test.ts > New Theme Integration > Theme Descriptions > should have meaningful descriptions for all new themes
 ✓ tests/utils.test.ts > HTML Security Utilities > escapeHtml > should escape HTML special characters
 ✓ tests/utils.test.ts > HTML Security Utilities > escapeHtml > should escape ampersands
 ✓ tests/utils.test.ts > HTML Security Utilities > escapeHtml > should escape quotes
 ✓ tests/utils.test.ts > HTML Security Utilities > escapeHtml > should handle null and undefined values
 ✓ tests/utils.test.ts > HTML Security Utilities > escapeHtml > should handle numbers
 ✓ tests/utils.test.ts > HTML Security Utilities > escapeHtml > should handle empty strings
 ✓ tests/utils.test.ts > HTML Security Utilities > escapeHtml > should not modify safe text
 ✓ tests/utils.test.ts > HTML Security Utilities > escapeHtmlAttribute > should escape HTML attribute special characters
 ✓ tests/utils.test.ts > HTML Security Utilities > escapeHtmlAttribute > should escape newlines and tabs
 ✓ tests/utils.test.ts > HTML Security Utilities > escapeHtmlAttribute > should handle null and undefined values
 ✓ tests/utils.test.ts > HTML Security Utilities > escapeHtmlAttribute > should handle numbers
 ✓ tests/utils.test.ts > HTML Security Utilities > sanitizeCssColor > should allow valid hex colors
 ✓ tests/utils.test.ts > HTML Security Utilities > sanitizeCssColor > should allow valid rgb/rgba colors
 ✓ tests/utils.test.ts > HTML Security Utilities > sanitizeCssColor > should allow valid hsl/hsla colors
 ✓ tests/utils.test.ts > HTML Security Utilities > sanitizeCssColor > should allow named colors
 ✓ tests/utils.test.ts > HTML Security Utilities > sanitizeCssColor > should reject invalid colors
 ✓ tests/utils.test.ts > HTML Security Utilities > sanitizeCssColor > should handle null and undefined values
 ✓ tests/utils.test.ts > HTML Security Utilities > sanitizeCssColor > should trim whitespace
 ✓ tests/utils.test.ts > HTML Security Utilities > sanitizeFontFamily > should allow valid font families
 ✓ tests/utils.test.ts > HTML Security Utilities > sanitizeFontFamily > should allow font names with hyphens
 ✓ tests/utils.test.ts > HTML Security Utilities > sanitizeFontFamily > should reject fonts with suspicious content
 ✓ tests/utils.test.ts > HTML Security Utilities > sanitizeFontFamily > should reject overly long font names
 ✓ tests/utils.test.ts > HTML Security Utilities > sanitizeFontFamily > should handle null and undefined values
 ✓ tests/utils.test.ts > HTML Security Utilities > sanitizeFontFamily > should trim whitespace
 ✓ tests/utils.test.ts > HTML Security Utilities > sanitizeCssValue > should allow valid pixel values
 ✓ tests/utils.test.ts > HTML Security Utilities > sanitizeCssValue > should allow valid rem/em values
 ✓ tests/utils.test.ts > HTML Security Utilities > sanitizeCssValue > should allow percentages
 ✓ tests/utils.test.ts > HTML Security Utilities > sanitizeCssValue > should allow viewport units
 ✓ tests/utils.test.ts > HTML Security Utilities > sanitizeCssValue > should allow unitless numbers
 ✓ tests/utils.test.ts > HTML Security Utilities > sanitizeCssValue > should reject invalid values
 ✓ tests/utils.test.ts > HTML Security Utilities > sanitizeCssValue > should reject overly long values
 ✓ tests/utils.test.ts > HTML Security Utilities > sanitizeCssValue > should handle null and undefined values
 ✓ tests/utils.test.ts > HTML Security Utilities > sanitizeCssValue > should trim whitespace
 ✓ tests/utils.test.ts > XSS Prevention Integration > should prevent theme name XSS injection
 ✓ tests/utils.test.ts > XSS Prevention Integration > should prevent CSS injection in colors
 ✓ tests/utils.test.ts > XSS Prevention Integration > should prevent CSS injection in fonts
 ✓ tests/utils.test.ts > XSS Prevention Integration > should prevent CSS injection in spacing values
 ✓ tests/router.test.ts > Router > Constructor > should initialize with hash mode
 ✓ tests/router.test.ts > Router > Constructor > should initialize with memory mode
 ✓ tests/router.test.ts > Router > Constructor > should initialize with none mode
 ✓ tests/router.test.ts > Router > Constructor > should handle initial hash on construction
 ✓ tests/router.test.ts > Router > Constructor > should not trigger route change for empty initial hash
 ✓ tests/router.test.ts > Router > setRoute > should set hash when in hash mode
 ✓ tests/router.test.ts > Router > setRoute > should not set hash when in memory mode
 ✓ tests/router.test.ts > Router > setRoute > should not set hash when in none mode
 ✓ tests/router.test.ts > Router > setRoute > should update current route in memory mode
 ✓ tests/router.test.ts > Router > setRoute > should update current route in none mode
 ✓ tests/router.test.ts > Router > getCurrentRoute > should return hash value in hash mode
 ✓ tests/router.test.ts > Router > getCurrentRoute > should return null for empty hash in hash mode
 ✓ tests/router.test.ts > Router > getCurrentRoute > should return current route in memory mode
 ✓ tests/router.test.ts > Router > getCurrentRoute > should return null when no route set in memory mode
 ✓ tests/router.test.ts > Router > getCurrentRoute > should return current route in none mode
 ✓ tests/router.test.ts > Router > Hash change handling > should handle hash change events
 ✓ tests/router.test.ts > Router > Hash change handling > should not trigger route change for same hash
 ✓ tests/router.test.ts > Router > Hash change handling > should not trigger route change for empty hash
 ✓ tests/router.test.ts > Router > Hash change handling > should track current route correctly
 ✓ tests/router.test.ts > Router > destroy > should remove event listener in hash mode
 ✓ tests/router.test.ts > Router > destroy > should not remove event listener in memory mode
 ✓ tests/router.test.ts > Router > destroy > should not remove event listener in none mode
 ✓ tests/router.test.ts > Router > destroy > should stop responding to hash changes after destroy
 ✓ tests/router.test.ts > Router > Edge cases > should handle special characters in hash
 ✓ tests/router.test.ts > Router > Edge cases > should handle encoded characters in hash
 ✓ tests/router.test.ts > Router > Edge cases > should handle rapid route changes
 ✓ tests/router.test.ts > Router > Edge cases > should handle setting same route multiple times
stderr | tests/theme-builder.test.ts > ThemeBuilder > Edge cases > should handle missing container gracefully
Color inputs not found for: primary
Color inputs not found for: secondary
Color inputs not found for: background
Color inputs not found for: surface
Color inputs not found for: text
Color inputs not found for: textPrimary
Color inputs not found for: textSecondary
Color inputs not found for: textLight
Color inputs not found for: border
Color inputs not found for: code
Color inputs not found for: codeBackground
Color inputs not found for: link
Color inputs not found for: linkHover
Color inputs not found for: error
Color inputs not found for: warning
Color inputs not found for: success
Font input not found: font-body
Font input not found: font-heading
Font input not found: font-code
Spacing input not found: spacing-unit
Spacing input not found: spacing-containerMaxWidth
Spacing input not found: spacing-sidebarWidth

stderr | tests/theme-builder.test.ts > ThemeBuilder > Edge cases > should handle missing DOM elements gracefully
Color inputs not found for: primary
Color inputs not found for: secondary
Color inputs not found for: background
Color inputs not found for: surface
Color inputs not found for: text
Color inputs not found for: textPrimary
Color inputs not found for: textSecondary
Color inputs not found for: textLight
Color inputs not found for: border
Color inputs not found for: code
Color inputs not found for: codeBackground
Color inputs not found for: link
Color inputs not found for: linkHover
Color inputs not found for: error
Color inputs not found for: warning
Color inputs not found for: success
Font input not found: font-body
Font input not found: font-heading
Font input not found: font-code
Spacing input not found: spacing-unit
Spacing input not found: spacing-containerMaxWidth
Spacing input not found: spacing-sidebarWidth

 ✓ tests/theme-builder.test.ts > ThemeBuilder > Constructor > should initialize with default options
 ✓ tests/theme-builder.test.ts > ThemeBuilder > Constructor > should initialize with custom options
 ✓ tests/theme-builder.test.ts > ThemeBuilder > Constructor > should copy current theme as starting point
 ✓ tests/theme-builder.test.ts > ThemeBuilder > render > should render theme builder HTML with all sections
 ✓ tests/theme-builder.test.ts > ThemeBuilder > render > should include all color input categories
 ✓ tests/theme-builder.test.ts > ThemeBuilder > render > should include all action buttons by default
 ✓ tests/theme-builder.test.ts > ThemeBuilder > render > should hide import/export buttons when disabled
 ✓ tests/theme-builder.test.ts > ThemeBuilder > render > should hide preview when disabled
 ✓ tests/theme-builder.test.ts > ThemeBuilder > render > should hide accessibility check when disabled
 ✓ tests/theme-builder.test.ts > ThemeBuilder > render > should render font inputs
 ✓ tests/theme-builder.test.ts > ThemeBuilder > render > should render spacing inputs
 ✓ tests/theme-builder.test.ts > ThemeBuilder > render > should render base theme options
 ✓ tests/theme-builder.test.ts > ThemeBuilder > Color inputs rendering > should render all required color inputs
 ✓ tests/theme-builder.test.ts > ThemeBuilder > Color inputs rendering > should group colors by category
 ✓ tests/theme-builder.test.ts > ThemeBuilder > Color inputs rendering > should include color descriptions
 ✓ tests/theme-builder.test.ts > ThemeBuilder > Preview rendering > should render preview with sample content
 ✓ tests/theme-builder.test.ts > ThemeBuilder > Preview rendering > should apply theme colors to preview elements
 ✓ tests/theme-builder.test.ts > ThemeBuilder > Preview rendering > should render primary and secondary buttons
 ✓ tests/theme-builder.test.ts > ThemeBuilder > Accessibility check rendering > should render contrast ratio checks
 ✓ tests/theme-builder.test.ts > ThemeBuilder > Accessibility check rendering > should show pass/fail indicators
 ✓ tests/theme-builder.test.ts > ThemeBuilder > open and close > should open the theme builder
 ✓ tests/theme-builder.test.ts > ThemeBuilder > open and close > should close the theme builder
 ✓ tests/theme-builder.test.ts > ThemeBuilder > open and close > should call onClose callback when closed
 ✓ tests/theme-builder.test.ts > ThemeBuilder > attachTo and event listeners > should close when close button is clicked
 ✓ tests/theme-builder.test.ts > ThemeBuilder > attachTo and event listeners > should close when overlay is clicked
 ✓ tests/theme-builder.test.ts > ThemeBuilder > attachTo and event listeners > should not close when clicking inside the builder
 ✓ tests/theme-builder.test.ts > ThemeBuilder > attachTo and event listeners > should close on Escape key
 ✓ tests/theme-builder.test.ts > ThemeBuilder > attachTo and event listeners > should not close on Escape when not open
 ✓ tests/theme-builder.test.ts > ThemeBuilder > Color input interactions > should update color when color input changes
 ✓ tests/theme-builder.test.ts > ThemeBuilder > Color input interactions > should update color when text input changes with valid color
 ✓ tests/theme-builder.test.ts > ThemeBuilder > Color input interactions > should not update with invalid color format
 ✓ tests/theme-builder.test.ts > ThemeBuilder > Font input interactions > should update font when input changes
 ✓ tests/theme-builder.test.ts > ThemeBuilder > Spacing input interactions > should update spacing when inputs change
 ✓ tests/theme-builder.test.ts > ThemeBuilder > Theme name and border radius > should update theme name
 ✓ tests/theme-builder.test.ts > ThemeBuilder > Theme name and border radius > should update border radius
 ✓ tests/theme-builder.test.ts > ThemeBuilder > Base theme selection > should load different base theme when selected
 ✓ tests/theme-builder.test.ts > ThemeBuilder > Action buttons > should save theme when save button is clicked
 ✓ tests/theme-builder.test.ts > ThemeBuilder > Action buttons > should reset theme when reset button is clicked
 ✓ tests/theme-builder.test.ts > ThemeBuilder > Action buttons > should handle export theme
 ✓ tests/theme-builder.test.ts > ThemeBuilder > Action buttons > should handle import theme
 ✓ tests/theme-builder.test.ts > ThemeBuilder > Utility methods > should validate colors correctly
 ✓ tests/theme-builder.test.ts > ThemeBuilder > Utility methods > should convert camelCase to kebab-case
 ✓ tests/theme-builder.test.ts > ThemeBuilder > getStyles > should return CSS styles string
 ✓ tests/theme-builder.test.ts > ThemeBuilder > getStyles > should include mobile responsive styles
 ✓ tests/theme-builder.test.ts > ThemeBuilder > getStyles > should include accessibility styles
 ✓ tests/theme-builder.test.ts > ThemeBuilder > getStyles > should include color input styles
 ✓ tests/theme-builder.test.ts > ThemeBuilder > getStyles > should include button styles
 ✓ tests/theme-builder.test.ts > ThemeBuilder > getStyles > should include preview styles
 ✓ tests/theme-builder.test.ts > ThemeBuilder > Edge cases > should handle missing container gracefully
 ✓ tests/theme-builder.test.ts > ThemeBuilder > Edge cases > should handle missing DOM elements gracefully
 ✓ tests/index.test.ts > Index Exports > should export MarkdownDocsViewer
 ✓ tests/index.test.ts > Index Exports > should export themes
 ✓ tests/index.test.ts > Index Exports > should export factory functions
 ✓ tests/index.test.ts > Index Exports > should export error handling utilities
 ✓ tests/index.test.ts > Index Exports > should export performance utilities
 ✓ tests/index.test.ts > Index Exports > should export search manager
 ✓ tests/index.test.ts > Index Exports > should export export utilities
 ✓ tests/index.test.ts > Index Exports > should export i18n utilities
 ✓ tests/index.test.ts > Index Exports > should export table of contents utilities
 ✓ tests/index.test.ts > Index Exports > should export advanced search
 ✓ tests/index.test.ts > Index Exports > should export print utilities
 ✓ tests/index.test.ts > Index Exports > should export type definitions
 ✓ tests/factory.test.ts > Factory Functions > createViewer > should create a new MarkdownDocsViewer instance with config
 ✓ tests/factory.test.ts > Factory Functions > createViewer > should pass through all configuration options
 ✓ tests/factory.test.ts > Factory Functions > quickStart > should create viewer with minimal configuration using string container
 ✓ tests/factory.test.ts > Factory Functions > quickStart > should create viewer with minimal configuration using HTMLElement container
 ✓ tests/factory.test.ts > Factory Functions > quickStart > should handle empty documents array
 ✓ tests/theme-builder.test.ts > ThemeBuilder > Edge cases > should handle file import errors gracefully
 ✓ tests/theme-builder.test.ts > ThemeBuilder > Edge cases > should handle theme creation without onThemeCreate callback
 ✓ tests/dom-integration.test.ts > DOM Integration Tests > Document Rendering > should handle copy button clicks
 ✓ tests/dom-integration.test.ts > DOM Integration Tests > User Interactions > should handle navigation link clicks
 ✓ tests/dom-integration.test.ts > DOM Integration Tests > User Interactions > should handle mobile toggle clicks
 ✓ tests/dom-integration.test.ts > DOM Integration Tests > User Interactions > should update sidebar open state visually
 ✓ tests/dom-integration.test.ts > DOM Integration Tests > Responsive Behavior > should close mobile sidebar when window is desktop size
 ✓ tests/dom-integration.test.ts > DOM Integration Tests > Error Handling in DOM > should display error state in DOM
 ✓ tests/dom-integration.test.ts > DOM Integration Tests > Error Handling in DOM > should display loading state in DOM
 ✓ tests/dom-integration.test.ts > DOM Integration Tests > Cleanup and Memory Management > should properly clean up DOM on destroy
 ✓ tests/dom-integration.test.ts > DOM Integration Tests > Cleanup and Memory Management > should remove event listeners on destroy
 ✓ tests/zero-config-comprehensive.test.ts > Zero Config API - Comprehensive Coverage > Static Functions > should test getAvailableThemes function
 ✓ tests/zero-config-comprehensive.test.ts > Zero Config API - Comprehensive Coverage > Static Functions > should test generateConfig function
 ✓ tests/zero-config-comprehensive.test.ts > Zero Config API - Comprehensive Coverage > Static Functions > should test getViewer when no viewer exists
 ✓ tests/zero-config-comprehensive.test.ts > Zero Config API - Comprehensive Coverage > Static Functions > should test setTheme without viewer
 ✓ tests/zero-config-comprehensive.test.ts > Zero Config API - Comprehensive Coverage > Static Functions > should test setTheme with invalid theme name
 ✓ tests/zero-config-comprehensive.test.ts > Zero Config API - Comprehensive Coverage > Static Functions > should test reload without existing viewer
 ✓ tests/zero-config-comprehensive.test.ts > Zero Config API - Comprehensive Coverage > onDOMReady function > should handle DOM ready state when loading
 ✓ tests/zero-config-comprehensive.test.ts > Zero Config API - Comprehensive Coverage > onDOMReady function > should handle DOM ready state when complete
 ✓ tests/zero-config-comprehensive.test.ts > Zero Config API - Comprehensive Coverage > Theme utilities > should test theme name parsing in setTheme
 ✓ tests/zero-config-comprehensive.test.ts > Zero Config API - Comprehensive Coverage > Theme utilities > should handle theme name splitting correctly
 ✓ tests/zero-config-comprehensive.test.ts > Zero Config API - Comprehensive Coverage > Container detection logic > should test container auto-detection fallbacks
 ✓ tests/zero-config-comprehensive.test.ts > Zero Config API - Comprehensive Coverage > Container detection logic > should test container detection with .docs class
 ✓ tests/zero-config-comprehensive.test.ts > Zero Config API - Comprehensive Coverage > Container detection logic > should test container detection with .documentation class
 ✓ tests/zero-config-comprehensive.test.ts > Zero Config API - Comprehensive Coverage > Container detection logic > should fallback to body when no standard containers found
 ✓ tests/zero-config-comprehensive.test.ts > Zero Config API - Comprehensive Coverage > Export object > should test default export object
 ✓ tests/zero-config-basic.test.ts > Zero Config Basic Coverage > should import zero-config functions
 ✓ tests/zero-config-basic.test.ts > Zero Config Basic Coverage > should call getAvailableThemes
 ✓ tests/zero-config-basic.test.ts > Zero Config Basic Coverage > should call getViewer when no viewer exists
 ✓ tests/zero-config-basic.test.ts > Zero Config Basic Coverage > should warn when setting theme without viewer
stderr | tests/loader.test.ts > DocumentLoader > loadLocal > should handle network errors
[NETWORK_ERROR] Unable to load content due to a network error. Please check your connection and try again.
MarkdownDocsViewer Warning: Failed to load document, returning empty content { documentId: 'doc1' }

stderr | tests/loader.test.ts > DocumentLoader > loadLocal > should handle other fetch errors
[FILE_READ_ERROR] Unable to load the requested file. Please check if the file exists and is accessible.
MarkdownDocsViewer Warning: Failed to load document, returning empty content { documentId: 'doc1' }

stderr | tests/loader.test.ts > DocumentLoader > loadFromUrl > should handle 401/403 errors
[UNAUTHORIZED_ACCESS] Access denied. Please check your credentials or permissions.
MarkdownDocsViewer Warning: Failed to load document, returning empty content { documentId: 'doc1' }

 ✓ tests/loader.test.ts > DocumentLoader > loadLocal > should handle network errors 3009ms
 ✓ tests/loader.test.ts > DocumentLoader > loadLocal > should handle other fetch errors
 ✓ tests/loader.test.ts > DocumentLoader > loadFromUrl > should load from URL with baseUrl
 ✓ tests/loader.test.ts > DocumentLoader > loadFromUrl > should handle 401/403 errors
stderr | tests/loader.test.ts > DocumentLoader > loadFromUrl > should handle rate limiting (429)
[RATE_LIMITED] Too many requests. Please wait and try again.
MarkdownDocsViewer Warning: Failed to load document, returning empty content { documentId: 'doc1' }

stderr | tests/loader.test.ts > DocumentLoader > loadFromGithub > should handle invalid GitHub path format
[INVALID_CONFIG] Invalid GitHub file path format.
MarkdownDocsViewer Warning: Failed to load document, returning empty content { documentId: 'doc1' }

 ✓ tests/loader.test.ts > DocumentLoader > loadFromUrl > should handle rate limiting (429) 3008ms
 ✓ tests/loader.test.ts > DocumentLoader > loadFromUrl > should include custom headers
 ✓ tests/loader.test.ts > DocumentLoader > loadFromGithub > should load from GitHub successfully
 ✓ tests/loader.test.ts > DocumentLoader > loadFromGithub > should handle invalid GitHub path format
stderr | tests/loader.test.ts > DocumentLoader > loadFromGithub > should handle GitHub API rate limiting
[GITHUB_RATE_LIMIT] GitHub API rate limit reached. Please try again later.
MarkdownDocsViewer Warning: Failed to load document, returning empty content { documentId: 'doc1' }

stderr | tests/loader.test.ts > DocumentLoader > loadFromGithub > should handle directory response
[GITHUB_API_ERROR] The specified GitHub path is a directory. Please specify a file path.
MarkdownDocsViewer Warning: Failed to load document, returning empty content { documentId: 'doc1' }

stderr | tests/loader.test.ts > DocumentLoader > loadFromGithub > should handle missing content in response
[GITHUB_API_ERROR] The requested GitHub file appears to be empty or inaccessible.
MarkdownDocsViewer Warning: Failed to load document, returning empty content { documentId: 'doc1' }

stderr | tests/loader.test.ts > DocumentLoader > Performance and Utility Methods > should handle preload errors gracefully
[FILE_READ_ERROR] Unable to load the requested file. Please check if the file exists and is accessible.
MarkdownDocsViewer Warning: Failed to load document, returning empty content { documentId: 'doc1' }

stderr | tests/loader.test.ts > DocumentLoader > Source Validation > should validate missing source
[INVALID_SOURCE] No documents are configured to load.
MarkdownDocsViewer Warning: Failed to load documents, returning empty array undefined

stderr | tests/loader.test.ts > DocumentLoader > Source Validation > should validate empty documents
[INVALID_SOURCE] No documents are configured to load.
MarkdownDocsViewer Warning: Failed to load documents, returning empty array undefined

stderr | tests/loader.test.ts > DocumentLoader > Source Validation > should warn about URL source without baseUrl
MarkdownDocsViewer Warning: URL source without baseUrl may cause issues with relative paths undefined

stderr | tests/loader.test.ts > DocumentLoader > Source Validation > should warn about content source with missing content
MarkdownDocsViewer Warning: Content source has documents without content { missingContentIds: [ 'doc1' ] }

stderr | tests/loader.test.ts > DocumentLoader > Error Handling with Retry > should handle retryable errors
[FILE_READ_ERROR] Unable to load the requested file. Please check if the file exists and is accessible.
MarkdownDocsViewer Warning: Failed to load document, returning empty content { documentId: 'doc1' }

stderr | tests/loader.test.ts > DocumentLoader > Error Handling with Retry > should respect custom retry config
[FILE_READ_ERROR] Unable to load the requested file. Please check if the file exists and is accessible.
MarkdownDocsViewer Warning: Failed to load document, returning empty content { documentId: 'doc1' }

 ✓ tests/loader.test.ts > DocumentLoader > loadFromGithub > should handle GitHub API rate limiting 3007ms
 ✓ tests/loader.test.ts > DocumentLoader > loadFromGithub > should handle directory response
 ✓ tests/loader.test.ts > DocumentLoader > loadFromGithub > should handle missing content in response
 ✓ tests/loader.test.ts > DocumentLoader > loadFromGithub > should use default branch when not specified
 ✓ tests/loader.test.ts > DocumentLoader > Cache Management > should clear cache
 ✓ tests/loader.test.ts > DocumentLoader > Cache Management > should get cache size
 ✓ tests/loader.test.ts > DocumentLoader > Cache Management > should check if document is cached
 ✓ tests/loader.test.ts > DocumentLoader > Cache Management > should get cache stats
 ✓ tests/loader.test.ts > DocumentLoader > Performance and Utility Methods > should get performance metrics
 ✓ tests/loader.test.ts > DocumentLoader > Performance and Utility Methods > should update retry configuration
 ✓ tests/loader.test.ts > DocumentLoader > Performance and Utility Methods > should destroy and cleanup resources
 ✓ tests/loader.test.ts > DocumentLoader > Performance and Utility Methods > should preload documents
 ✓ tests/loader.test.ts > DocumentLoader > Performance and Utility Methods > should skip preloading cached documents
 ✓ tests/loader.test.ts > DocumentLoader > Performance and Utility Methods > should handle preload errors gracefully
 ✓ tests/loader.test.ts > DocumentLoader > Source Validation > should validate missing source
 ✓ tests/loader.test.ts > DocumentLoader > Source Validation > should validate empty documents
 ✓ tests/loader.test.ts > DocumentLoader > Source Validation > should warn about URL source without baseUrl
 ✓ tests/loader.test.ts > DocumentLoader > Source Validation > should warn about content source with missing content
 ✓ tests/loader.test.ts > DocumentLoader > Error Handling with Retry > should handle retryable errors
 ✓ tests/loader.test.ts > DocumentLoader > Error Handling with Retry > should respect custom retry config

⎯⎯⎯⎯⎯⎯⎯ Failed Tests 4 ⎯⎯⎯⎯⎯⎯⎯

 FAIL  tests/viewer.test.ts > MarkdownDocsViewer > Navigation State Management > should save and restore navigation state
TypeError: Cannot redefine property: localStorage
 ❯ tests/viewer.test.ts:877:14
    875|         removeItem: vi.fn(),
    876|       };
    877|       Object.defineProperty(window, 'localStorage', { value: mockStora…
       |              ^
    878| 
    879|       // Test desktop sidebar state restoration specifically

⎯⎯⎯⎯⎯⎯⎯⎯⎯⎯⎯⎯⎯⎯⎯⎯⎯⎯⎯⎯⎯⎯⎯⎯[1/4]⎯

 FAIL  tests/viewer.test.ts > MarkdownDocsViewer > Navigation State Management > should save desktop sidebar state
TypeError: Cannot redefine property: localStorage
 ❯ tests/viewer.test.ts:892:14
    890|         removeItem: vi.fn(),
    891|       };
    892|       Object.defineProperty(window, 'localStorage', { value: mockStora…
       |              ^
    893| 
    894|       const saveState = viewer['saveDesktopSidebarState'];

⎯⎯⎯⎯⎯⎯⎯⎯⎯⎯⎯⎯⎯⎯⎯⎯⎯⎯⎯⎯⎯⎯⎯⎯[2/4]⎯

 FAIL  tests/viewer.test.ts > MarkdownDocsViewer > Mobile and Responsive Features > should setup sidebar backdrop
AssertionError: expected [Function] to not throw an error but 'TypeError: backdrop.addEventListener …' was thrown

- Expected: 
undefined

+ Received: 
"TypeError: backdrop.addEventListener is not a function"

 ❯ tests/viewer.test.ts:943:52
    941|     it('should setup sidebar backdrop', () => {
    942|       const setupBackdrop = viewer['setupSidebarBackdrop'];
    943|       expect(() => setupBackdrop.call(viewer)).not.toThrow();
       |                                                    ^
    944|     });
    945| 

⎯⎯⎯⎯⎯⎯⎯⎯⎯⎯⎯⎯⎯⎯⎯⎯⎯⎯⎯⎯⎯⎯⎯⎯[3/4]⎯

 FAIL  tests/viewer.test.ts > MarkdownDocsViewer > Keyboard Navigation > should announce navigation changes
AssertionError: expected [Function] to not throw an error but 'TypeError: document.getElementById is…' was thrown

- Expected: 
undefined

+ Received: 
"TypeError: document.getElementById is not a function"

 ❯ tests/viewer.test.ts:1017:70
    1015| 
    1016|       const announceChange = viewer['announceNavigationChange'];
    1017|       expect(() => announceChange.call(viewer, mockLink as any)).not.t…
       |                                                                      ^
    1018|     });
    1019|   });

⎯⎯⎯⎯⎯⎯⎯⎯⎯⎯⎯⎯⎯⎯⎯⎯⎯⎯⎯⎯⎯⎯⎯⎯[4/4]⎯

 Test Files  1 failed | 19 passed (20)
      Tests  4 failed | 623 passed | 3 skipped (630)
   Start at  15:02:31
   Duration  9.91s (transform 1.10s, setup 396ms, collect 2.16s, tests 13.96s, environment 6.33s, prepare 2.08s)

